../Core/Src/main.c:126:5:main	64	static
../Core/Src/main.c:186:6:SystemClock_Config	80	static
../Core/Src/main.c:225:13:MX_CRC_Init	8	static
../Core/Src/main.c:255:13:MX_SPI1_Init	8	static
../Core/Src/main.c:295:13:MX_USART2_UART_Init	8	static
../Core/Src/main.c:328:13:MX_DMA_Init	16	static
../Core/Src/main.c:346:13:MX_GPIO_Init	48	static
../Core/Src/main.c:396:9:STM32_AES_CFB_Encrypt	336	static
../Core/Src/main.c:460:9:STM32_AES_CFB_Decrypt	336	static
../Core/Src/main.c:515:6:Error_Handler	8	static,ignoring_inline_asm
