Archive member included to satisfy reference by file (symbol)

D:\refat\Documents\cryptolib2\x-cube-cryptolib-master\Fw_Crypto\STM32F0\Middlewares\ST\STM32_Cryptographic\Lib\libSTM32CryptographicV3.0.0_CM0_GCC_ot.a(crypto.o)
                              ./Core/Src/main.o (AES_CFB_Encrypt_Init)
d:/program files/stm32cubeide_1.10.1/stm32cubeide/plugins/com.st.stm32cube.ide.mcu.externaltools.gnu-tools-for-stm32.10.3-2021.10.win32_1.0.0.202111181127/tools/bin/../lib/gcc/arm-none-eabi/10.3.1/../../../../arm-none-eabi/lib/thumb/v6-m/nofp\libc_nano.a(lib_a-errno.o)
                              ./Core/Src/syscalls.o (__errno)
d:/program files/stm32cubeide_1.10.1/stm32cubeide/plugins/com.st.stm32cube.ide.mcu.externaltools.gnu-tools-for-stm32.10.3-2021.10.win32_1.0.0.202111181127/tools/bin/../lib/gcc/arm-none-eabi/10.3.1/../../../../arm-none-eabi/lib/thumb/v6-m/nofp\libc_nano.a(lib_a-exit.o)
                              d:/program files/stm32cubeide_1.10.1/stm32cubeide/plugins/com.st.stm32cube.ide.mcu.externaltools.gnu-tools-for-stm32.10.3-2021.10.win32_1.0.0.202111181127/tools/bin/../lib/gcc/arm-none-eabi/10.3.1/../../../../arm-none-eabi/lib/thumb/v6-m/nofp/crt0.o (exit)
d:/program files/stm32cubeide_1.10.1/stm32cubeide/plugins/com.st.stm32cube.ide.mcu.externaltools.gnu-tools-for-stm32.10.3-2021.10.win32_1.0.0.202111181127/tools/bin/../lib/gcc/arm-none-eabi/10.3.1/../../../../arm-none-eabi/lib/thumb/v6-m/nofp\libc_nano.a(lib_a-impure.o)
                              d:/program files/stm32cubeide_1.10.1/stm32cubeide/plugins/com.st.stm32cube.ide.mcu.externaltools.gnu-tools-for-stm32.10.3-2021.10.win32_1.0.0.202111181127/tools/bin/../lib/gcc/arm-none-eabi/10.3.1/../../../../arm-none-eabi/lib/thumb/v6-m/nofp\libc_nano.a(lib_a-exit.o) (_global_impure_ptr)
d:/program files/stm32cubeide_1.10.1/stm32cubeide/plugins/com.st.stm32cube.ide.mcu.externaltools.gnu-tools-for-stm32.10.3-2021.10.win32_1.0.0.202111181127/tools/bin/../lib/gcc/arm-none-eabi/10.3.1/../../../../arm-none-eabi/lib/thumb/v6-m/nofp\libc_nano.a(lib_a-init.o)
                              d:/program files/stm32cubeide_1.10.1/stm32cubeide/plugins/com.st.stm32cube.ide.mcu.externaltools.gnu-tools-for-stm32.10.3-2021.10.win32_1.0.0.202111181127/tools/bin/../lib/gcc/arm-none-eabi/10.3.1/../../../../arm-none-eabi/lib/thumb/v6-m/nofp/crt0.o (__libc_init_array)
d:/program files/stm32cubeide_1.10.1/stm32cubeide/plugins/com.st.stm32cube.ide.mcu.externaltools.gnu-tools-for-stm32.10.3-2021.10.win32_1.0.0.202111181127/tools/bin/../lib/gcc/arm-none-eabi/10.3.1/../../../../arm-none-eabi/lib/thumb/v6-m/nofp\libc_nano.a(lib_a-memcpy-stub.o)
                              D:\refat\Documents\cryptolib2\x-cube-cryptolib-master\Fw_Crypto\STM32F0\Middlewares\ST\STM32_Cryptographic\Lib\libSTM32CryptographicV3.0.0_CM0_GCC_ot.a(crypto.o) (memcpy)
d:/program files/stm32cubeide_1.10.1/stm32cubeide/plugins/com.st.stm32cube.ide.mcu.externaltools.gnu-tools-for-stm32.10.3-2021.10.win32_1.0.0.202111181127/tools/bin/../lib/gcc/arm-none-eabi/10.3.1/../../../../arm-none-eabi/lib/thumb/v6-m/nofp\libc_nano.a(lib_a-memmove.o)
                              D:\refat\Documents\cryptolib2\x-cube-cryptolib-master\Fw_Crypto\STM32F0\Middlewares\ST\STM32_Cryptographic\Lib\libSTM32CryptographicV3.0.0_CM0_GCC_ot.a(crypto.o) (memmove)
d:/program files/stm32cubeide_1.10.1/stm32cubeide/plugins/com.st.stm32cube.ide.mcu.externaltools.gnu-tools-for-stm32.10.3-2021.10.win32_1.0.0.202111181127/tools/bin/../lib/gcc/arm-none-eabi/10.3.1/../../../../arm-none-eabi/lib/thumb/v6-m/nofp\libc_nano.a(lib_a-memset.o)
                              d:/program files/stm32cubeide_1.10.1/stm32cubeide/plugins/com.st.stm32cube.ide.mcu.externaltools.gnu-tools-for-stm32.10.3-2021.10.win32_1.0.0.202111181127/tools/bin/../lib/gcc/arm-none-eabi/10.3.1/../../../../arm-none-eabi/lib/thumb/v6-m/nofp/crt0.o (memset)
d:/program files/stm32cubeide_1.10.1/stm32cubeide/plugins/com.st.stm32cube.ide.mcu.externaltools.gnu-tools-for-stm32.10.3-2021.10.win32_1.0.0.202111181127/tools/bin/../lib/gcc/arm-none-eabi/10.3.1/../../../../arm-none-eabi/lib/thumb/v6-m/nofp\libc_nano.a(lib_a-sprintf.o)
                              ./Core/Src/main.o (sprintf)
d:/program files/stm32cubeide_1.10.1/stm32cubeide/plugins/com.st.stm32cube.ide.mcu.externaltools.gnu-tools-for-stm32.10.3-2021.10.win32_1.0.0.202111181127/tools/bin/../lib/gcc/arm-none-eabi/10.3.1/../../../../arm-none-eabi/lib/thumb/v6-m/nofp\libc_nano.a(lib_a-nano-svfprintf.o)
                              d:/program files/stm32cubeide_1.10.1/stm32cubeide/plugins/com.st.stm32cube.ide.mcu.externaltools.gnu-tools-for-stm32.10.3-2021.10.win32_1.0.0.202111181127/tools/bin/../lib/gcc/arm-none-eabi/10.3.1/../../../../arm-none-eabi/lib/thumb/v6-m/nofp\libc_nano.a(lib_a-sprintf.o) (_svfprintf_r)
[...]
Memory Configuration

Name             Origin             Length             Attributes
RAM              0x0000000020000000 0x0000000000002000 xrw
FLASH            0x0000000008000000 0x0000000000010000 xr
*default*        0x0000000000000000 0xffffffffffffffff

Linker script and memory map

LOAD d:/program files/stm32cubeide_1.10.1/stm32cubeide/plugins/com.st.stm32cube.ide.mcu.externaltools.gnu-tools-for-stm32.10.3-2021.10.win32_1.0.0.202111181127/tools/bin/../lib/gcc/arm-none-eabi/10.3.1/thumb/v6-m/nofp/crti.o
LOAD d:/program files/stm32cubeide_1.10.1/stm32cubeide/plugins/com.st.stm32cube.ide.mcu.externaltools.gnu-tools-for-stm32.10.3-2021.10.win32_1.0.0.202111181127/tools/bin/../lib/gcc/arm-none-eabi/10.3.1/thumb/v6-m/nofp/crtbegin.o
LOAD d:/program files/stm32cubeide_1.10.1/stm32cubeide/plugins/com.st.stm32cube.ide.mcu.externaltools.gnu-tools-for-stm32.10.3-2021.10.win32_1.0.0.202111181127/tools/bin/../lib/gcc/arm-none-eabi/10.3.1/../../../../arm-none-eabi/lib/thumb/v6-m/nofp/crt0.o
LOAD ./Core/Src/main.o
LOAD ./Core/Src/stm32f0xx_hal_msp.o
LOAD ./Core/Src/stm32f0xx_it.o
LOAD ./Core/Src/syscalls.o
LOAD ./Core/Src/sysmem.o
LOAD ./Core/Src/system_stm32f0xx.o
LOAD ./Core/Startup/startup_stm32f051r8tx.o
LOAD ./Drivers/STM32F0xx_HAL_Driver/Src/stm32f0xx_hal.o
LOAD ./Drivers/STM32F0xx_HAL_Driver/Src/stm32f0xx_hal_cortex.o
LOAD ./Drivers/STM32F0xx_HAL_Driver/Src/stm32f0xx_hal_crc.o
LOAD ./Drivers/STM32F0xx_HAL_Driver/Src/stm32f0xx_hal_crc_ex.o
LOAD ./Drivers/STM32F0xx_HAL_Driver/Src/stm32f0xx_hal_dma.o
LOAD ./Drivers/STM32F0xx_HAL_Driver/Src/stm32f0xx_hal_exti.o
LOAD ./Drivers/STM32F0xx_HAL_Driver/Src/stm32f0xx_hal_flash.o
LOAD ./Drivers/STM32F0xx_HAL_Driver/Src/stm32f0xx_hal_flash_ex.o
LOAD ./Drivers/STM32F0xx_HAL_Driver/Src/stm32f0xx_hal_gpio.o
LOAD ./Drivers/STM32F0xx_HAL_Driver/Src/stm32f0xx_hal_i2c.o
LOAD ./Drivers/STM32F0xx_HAL_Driver/Src/stm32f0xx_hal_i2c_ex.o
LOAD ./Drivers/STM32F0xx_HAL_Driver/Src/stm32f0xx_hal_pwr.o
LOAD ./Drivers/STM32F0xx_HAL_Driver/Src/stm32f0xx_hal_pwr_ex.o
LOAD ./Drivers/STM32F0xx_HAL_Driver/Src/stm32f0xx_hal_rcc.o
LOAD ./Drivers/STM32F0xx_HAL_Driver/Src/stm32f0xx_hal_rcc_ex.o
LOAD ./Drivers/STM32F0xx_HAL_Driver/Src/stm32f0xx_hal_uart.o
LOAD ./Drivers/STM32F0xx_HAL_Driver/Src/stm32f0xx_hal_uart_ex.o
LOAD D:\refat\Documents\cryptolib2\x-cube-cryptolib-master\Fw_Crypto\STM32F0\Middlewares\ST\STM32_Cryptographic\Lib\libSTM32CryptographicV3.0.0_CM0_GCC_ot.a
START GROUP
LOAD d:/program files/stm32cubeide_1.10.1/stm32cubeide/plugins/com.st.stm32cube.ide.mcu.externaltools.gnu-tools-for-stm32.10.3-2021.10.win32_1.0.0.202111181127/tools/bin/../lib/gcc/arm-none-eabi/10.3.1/../../../../arm-none-eabi/lib/thumb/v6-m/nofp\libc_nano.a
LOAD d:/program files/stm32cubeide_1.10.1/stm32cubeide/plugins/com.st.stm32cube.ide.mcu.externaltools.gnu-tools-for-stm32.10.3-2021.10.win32_1.0.0.202111181127/tools/bin/../lib/gcc/arm-none-eabi/10.3.1/../../../../arm-none-eabi/lib/thumb/v6-m/nofp\libm.a
END GROUP
START GROUP
LOAD d:/program files/stm32cubeide_1.10.1/stm32cubeide/plugins/com.st.stm32cube.ide.mcu.externaltools.gnu-tools-for-stm32.10.3-2021.10.win32_1.0.0.202111181127/tools/bin/../lib/gcc/arm-none-eabi/10.3.1/thumb/v6-m/nofp\libgcc.a
LOAD d:/program files/stm32cubeide_1.10.1/stm32cubeide/plugins/com.st.stm32cube.ide.mcu.externaltools.gnu-tools-for-stm32.10.3-2021.10.win32_1.0.0.202111181127/tools/bin/../lib/gcc/arm-none-eabi/10.3.1/../../../../arm-none-eabi/lib/thumb/v6-m/nofp\libc_nano.a
END GROUP
START GROUP
LOAD d:/program files/stm32cubeide_1.10.1/stm32cubeide/plugins/com.st.stm32cube.ide.mcu.externaltools.gnu-tools-for-stm32.10.3-2021.10.win32_1.0.0.202111181127/tools/bin/../lib/gcc/arm-none-eabi/10.3.1/thumb/v6-m/nofp\libgcc.a
LOAD d:/program files/stm32cubeide_1.10.1/stm32cubeide/plugins/com.st.stm32cube.ide.mcu.externaltools.gnu-tools-for-stm32.10.3-2021.10.win32_1.0.0.202111181127/tools/bin/../lib/gcc/arm-none-eabi/10.3.1/../../../../arm-none-eabi/lib/thumb/v6-m/nofp\libc_nano.a
LOAD d:/program files/stm32cubeide_1.10.1/stm32cubeide/plugins/com.st.stm32cube.ide.mcu.externaltools.gnu-tools-for-stm32.10.3-2021.10.win32_1.0.0.202111181127/tools/bin/../lib/gcc/arm-none-eabi/10.3.1/../../../../arm-none-eabi/lib/thumb/v6-m/nofp\libnosys.a
END GROUP
START GROUP
LOAD d:/program files/stm32cubeide_1.10.1/stm32cubeide/plugins/com.st.stm32cube.ide.mcu.externaltools.gnu-tools-for-stm32.10.3-2021.10.win32_1.0.0.202111181127/tools/bin/../lib/gcc/arm-none-eabi/10.3.1/thumb/v6-m/nofp\libgcc.a
LOAD d:/program files/stm32cubeide_1.10.1/stm32cubeide/plugins/com.st.stm32cube.ide.mcu.externaltools.gnu-tools-for-stm32.10.3-2021.10.win32_1.0.0.202111181127/tools/bin/../lib/gcc/arm-none-eabi/10.3.1/../../../../arm-none-eabi/lib/thumb/v6-m/nofp\libc_nano.a
LOAD d:/program files/stm32cubeide_1.10.1/stm32cubeide/plugins/com.st.stm32cube.ide.mcu.externaltools.gnu-tools-for-stm32.10.3-2021.10.win32_1.0.0.202111181127/tools/bin/../lib/gcc/arm-none-eabi/10.3.1/../../../../arm-none-eabi/lib/thumb/v6-m/nofp\libnosys.a
END GROUP
LOAD d:/program files/stm32cubeide_1.10.1/stm32cubeide/plugins/com.st.stm32cube.ide.mcu.externaltools.gnu-tools-for-stm32.10.3-2021.10.win32_1.0.0.202111181127/tools/bin/../lib/gcc/arm-none-eabi/10.3.1/thumb/v6-m/nofp/crtend.o
LOAD d:/program files/stm32cubeide_1.10.1/stm32cubeide/plugins/com.st.stm32cube.ide.mcu.externaltools.gnu-tools-for-stm32.10.3-2021.10.win32_1.0.0.202111181127/tools/bin/../lib/gcc/arm-none-eabi/10.3.1/thumb/v6-m/nofp/crtn.o
                0x0000000020002000                _estack = (ORIGIN (RAM) + LENGTH (RAM))
                0x0000000000000200                _Min_Heap_Size = 0x200
                0x0000000000000400                _Min_Stack_Size = 0x400

.isr_vector     0x0000000008000000       0xc0
                0x0000000008000000                . = ALIGN (0x4)
 *(.isr_vector)
 .isr_vector    0x0000000008000000       0xc0 ./Core/Startup/startup_stm32f051r8tx.o
                0x0000000008000000                g_pfnVectors
                0x00000000080000c0                . = ALIGN (0x4)

.text           0x00000000080000c0     0x3d10
                0x00000000080000c0                . = ALIGN (0x4)
 *(.text)
 .text          0x00000000080000c0       0x48 d:/program files/stm32cubeide_1.10.1/stm32cubeide/plugins/com.st.stm32cube.ide.mcu.externaltools.gnu-tools-for-stm32.10.3-2021.10.win32_1.0.0.202111181127/tools/bin/../lib/gcc/arm-none-eabi/10.3.1/thumb/v6-m/nofp/crtbegin.o
 .text          0x0000000008000108       0x14 d:/program files/stm32cubeide_1.10.1/stm32cubeide/plugins/com.st.stm32cube.ide.mcu.externaltools.gnu-tools-for-stm32.10.3-2021.10.win32_1.0.0.202111181127/tools/bin/../lib/gcc/arm-none-eabi/10.3.1/thumb/v6-m/nofp\libgcc.a(_thumb1_case_shi.o)
                0x0000000008000108                __gnu_thumb1_case_shi
 .text          0x000000000800011c      0x114 d:/program files/stm32cubeide_1.10.1/stm32cubeide/plugins/com.st.stm32cube.ide.mcu.externaltools.gnu-tools-for-stm32.10.3-2021.10.win32_1.0.0.202111181127/tools/bin/../lib/gcc/arm-none-eabi/10.3.1/thumb/v6-m/nofp\libgcc.a(_udivsi3.o)
                0x000000000800011c                __aeabi_uidiv
                0x000000000800011c                __udivsi3
                0x0000000008000228                __aeabi_uidivmod
 .text          0x0000000008000230        0x4 d:/program files/stm32cubeide_1.10.1/stm32cubeide/plugins/com.st.stm32cube.ide.mcu.externaltools.gnu-tools-for-stm32.10.3-2021.10.win32_1.0.0.202111181127/tools/bin/../lib/gcc/arm-none-eabi/10.3.1/thumb/v6-m/nofp\libgcc.a(_dvmd_tls.o)
                0x0000000008000230                __aeabi_idiv0
                0x0000000008000230                __aeabi_ldiv0
 *(.text*)
 .text.main     0x0000000008000234       0xc4 ./Core/Src/main.o
                0x0000000008000234                main
 .text.STM32_AES_CFB_Encrypt
                0x00000000080002f8       0xf8 ./Core/Src/main.o
                0x00000000080002f8                STM32_AES_CFB_Encrypt
 .text.SystemClock_Config
                0x00000000080003f0       0x94 ./Core/Src/main.o
                0x00000000080003f0                SystemClock_Config
 .text.MX_CRC_Init
                0x0000000008000484       0x40 ./Core/Src/main.o
 .text.MX_USART2_UART_Init
                0x00000000080004c4       0x60 ./Core/Src/main.o
 .text.MX_DMA_Init
                0x0000000008000524       0x3c ./Core/Src/main.o
 .text.MX_GPIO_Init
                0x0000000008000560       0x94 ./Core/Src/main.o
 .text.Error_Handler
                0x00000000080005f4        0xa ./Core/Src/main.o
                0x00000000080005f4                Error_Handler
 *fill*         0x00000000080005fe        0x2 
 .text.HAL_MspInit
                0x0000000008000600       0x48 ./Core/Src/stm32f0xx_hal_msp.o
                0x0000000008000600                HAL_MspInit
 .text.HAL_CRC_MspInit
                0x0000000008000648       0x3c ./Core/Src/stm32f0xx_hal_msp.o
                0x0000000008000648                HAL_CRC_MspInit
 .text.HAL_UART_MspInit
                0x0000000008000684      0x154 ./Core/Src/stm32f0xx_hal_msp.o
                0x0000000008000684                HAL_UART_MspInit
 .text.NMI_Handler
                0x00000000080007d8        0x6 ./Core/Src/stm32f0xx_it.o
                0x00000000080007d8                NMI_Handler
 .text.HardFault_Handler
                0x00000000080007de        0x6 ./Core/Src/stm32f0xx_it.o
                0x00000000080007de                HardFault_Handler
 .text.SVC_Handler
                0x00000000080007e4        0xa ./Core/Src/stm32f0xx_it.o
                0x00000000080007e4                SVC_Handler
 .text.PendSV_Handler
                0x00000000080007ee        0xa ./Core/Src/stm32f0xx_it.o
                0x00000000080007ee                PendSV_Handler
 .text.SysTick_Handler
                0x00000000080007f8        0xe ./Core/Src/stm32f0xx_it.o
                0x00000000080007f8                SysTick_Handler
 *fill*         0x0000000008000806        0x2 
 .text.DMA1_Channel4_5_IRQHandler
                0x0000000008000808       0x24 ./Core/Src/stm32f0xx_it.o
                0x0000000008000808                DMA1_Channel4_5_IRQHandler
 .text.USART2_IRQHandler
                0x000000000800082c       0x18 ./Core/Src/stm32f0xx_it.o
                0x000000000800082c                USART2_IRQHandler
 .text._sbrk    0x0000000008000844       0x6c ./Core/Src/sysmem.o
                0x0000000008000844                _sbrk
 .text.SystemInit
                0x00000000080008b0        0xa ./Core/Src/system_stm32f0xx.o
                0x00000000080008b0                SystemInit
 *fill*         0x00000000080008ba        0x2 
 .text.Reset_Handler
                0x00000000080008bc       0x50 ./Core/Startup/startup_stm32f051r8tx.o
                0x00000000080008bc                Reset_Handler
 .text.Default_Handler
                0x000000000800090c        0x2 ./Core/Startup/startup_stm32f051r8tx.o
                0x000000000800090c                TIM1_CC_IRQHandler
                0x000000000800090c                TSC_IRQHandler
                0x000000000800090c                ADC1_COMP_IRQHandler
                0x000000000800090c                PVD_IRQHandler
                0x000000000800090c                I2C1_IRQHandler
                0x000000000800090c                RCC_CRS_IRQHandler
                0x000000000800090c                SPI1_IRQHandler
                0x000000000800090c                TIM6_DAC_IRQHandler
                0x000000000800090c                EXTI2_3_IRQHandler
                0x000000000800090c                I2C2_IRQHandler
                0x000000000800090c                TIM17_IRQHandler
                0x000000000800090c                CEC_CAN_IRQHandler
                0x000000000800090c                RTC_IRQHandler
                0x000000000800090c                TIM16_IRQHandler
                0x000000000800090c                TIM3_IRQHandler
                0x000000000800090c                EXTI4_15_IRQHandler
                0x000000000800090c                DMA1_Channel1_IRQHandler
                0x000000000800090c                Default_Handler
                0x000000000800090c                TIM14_IRQHandler
                0x000000000800090c                TIM15_IRQHandler
                0x000000000800090c                EXTI0_1_IRQHandler
                0x000000000800090c                SPI2_IRQHandler
                0x000000000800090c                WWDG_IRQHandler
                0x000000000800090c                TIM2_IRQHandler
                0x000000000800090c                DMA1_Channel2_3_IRQHandler
                0x000000000800090c                FLASH_IRQHandler
                0x000000000800090c                USART1_IRQHandler
                0x000000000800090c                TIM1_BRK_UP_TRG_COM_IRQHandler
 *fill*         0x000000000800090e        0x2 
 .text.HAL_Init
                0x0000000008000910       0x28 ./Drivers/STM32F0xx_HAL_Driver/Src/stm32f0xx_hal.o
                0x0000000008000910                HAL_Init
 .text.HAL_InitTick
                0x0000000008000938       0x68 ./Drivers/STM32F0xx_HAL_Driver/Src/stm32f0xx_hal.o
                0x0000000008000938                HAL_InitTick
 .text.HAL_IncTick
                0x00000000080009a0       0x24 ./Drivers/STM32F0xx_HAL_Driver/Src/stm32f0xx_hal.o
                0x00000000080009a0                HAL_IncTick
 .text.HAL_GetTick
                0x00000000080009c4       0x14 ./Drivers/STM32F0xx_HAL_Driver/Src/stm32f0xx_hal.o
                0x00000000080009c4                HAL_GetTick
 .text.HAL_Delay
                0x00000000080009d8       0x48 ./Drivers/STM32F0xx_HAL_Driver/Src/stm32f0xx_hal.o
                0x00000000080009d8                HAL_Delay
 .text.__NVIC_EnableIRQ
                0x0000000008000a20       0x34 ./Drivers/STM32F0xx_HAL_Driver/Src/stm32f0xx_hal_cortex.o
 .text.__NVIC_SetPriority
                0x0000000008000a54       0xdc ./Drivers/STM32F0xx_HAL_Driver/Src/stm32f0xx_hal_cortex.o
 .text.SysTick_Config
                0x0000000008000b30       0x48 ./Drivers/STM32F0xx_HAL_Driver/Src/stm32f0xx_hal_cortex.o
 .text.HAL_NVIC_SetPriority
                0x0000000008000b78       0x2a ./Drivers/STM32F0xx_HAL_Driver/Src/stm32f0xx_hal_cortex.o
                0x0000000008000b78                HAL_NVIC_SetPriority
 .text.HAL_NVIC_EnableIRQ
                0x0000000008000ba2       0x20 ./Drivers/STM32F0xx_HAL_Driver/Src/stm32f0xx_hal_cortex.o
                0x0000000008000ba2                HAL_NVIC_EnableIRQ
 .text.HAL_SYSTICK_Config
                0x0000000008000bc2       0x1a ./Drivers/STM32F0xx_HAL_Driver/Src/stm32f0xx_hal_cortex.o
                0x0000000008000bc2                HAL_SYSTICK_Config
 .text.HAL_CRC_Init
                0x0000000008000bdc       0x8e ./Drivers/STM32F0xx_HAL_Driver/Src/stm32f0xx_hal_crc.o
                0x0000000008000bdc                HAL_CRC_Init
 *fill*         0x0000000008000c6a        0x2 
 .text.HAL_DMA_Init
                0x0000000008000c6c       0x90 ./Drivers/STM32F0xx_HAL_Driver/Src/stm32f0xx_hal_dma.o
                0x0000000008000c6c                HAL_DMA_Init
 .text.HAL_DMA_Abort
                0x0000000008000cfc       0x70 ./Drivers/STM32F0xx_HAL_Driver/Src/stm32f0xx_hal_dma.o
                0x0000000008000cfc                HAL_DMA_Abort
 .text.HAL_DMA_Abort_IT
                0x0000000008000d6c       0x8a ./Drivers/STM32F0xx_HAL_Driver/Src/stm32f0xx_hal_dma.o
                0x0000000008000d6c                HAL_DMA_Abort_IT
 .text.HAL_DMA_IRQHandler
                0x0000000008000df6      0x144 ./Drivers/STM32F0xx_HAL_Driver/Src/stm32f0xx_hal_dma.o
                0x0000000008000df6                HAL_DMA_IRQHandler
 *fill*         0x0000000008000f3a        0x2 
 .text.DMA_CalcBaseAndBitshift
                0x0000000008000f3c       0x38 ./Drivers/STM32F0xx_HAL_Driver/Src/stm32f0xx_hal_dma.o
 .text.HAL_GPIO_Init
                0x0000000008000f74      0x2e0 ./Drivers/STM32F0xx_HAL_Driver/Src/stm32f0xx_hal_gpio.o
                0x0000000008000f74                HAL_GPIO_Init
 .text.HAL_GPIO_WritePin
                0x0000000008001254       0x3a ./Drivers/STM32F0xx_HAL_Driver/Src/stm32f0xx_hal_gpio.o
                0x0000000008001254                HAL_GPIO_WritePin
 *fill*         0x000000000800128e        0x2 
 .text.HAL_RCC_OscConfig
                0x0000000008001290      0x634 ./Drivers/STM32F0xx_HAL_Driver/Src/stm32f0xx_hal_rcc.o
                0x0000000008001290                HAL_RCC_OscConfig
 .text.HAL_RCC_ClockConfig
                0x00000000080018c4      0x19c ./Drivers/STM32F0xx_HAL_Driver/Src/stm32f0xx_hal_rcc.o
                0x00000000080018c4                HAL_RCC_ClockConfig
 .text.HAL_RCC_GetSysClockFreq
                0x0000000008001a60       0xc8 ./Drivers/STM32F0xx_HAL_Driver/Src/stm32f0xx_hal_rcc.o
                0x0000000008001a60                HAL_RCC_GetSysClockFreq
 .text.HAL_RCC_GetHCLKFreq
                0x0000000008001b28       0x14 ./Drivers/STM32F0xx_HAL_Driver/Src/stm32f0xx_hal_rcc.o
                0x0000000008001b28                HAL_RCC_GetHCLKFreq
 .text.HAL_RCC_GetPCLK1Freq
                0x0000000008001b3c       0x2c ./Drivers/STM32F0xx_HAL_Driver/Src/stm32f0xx_hal_rcc.o
                0x0000000008001b3c                HAL_RCC_GetPCLK1Freq
 .text.HAL_UART_Init
                0x0000000008001b68       0xa8 ./Drivers/STM32F0xx_HAL_Driver/Src/stm32f0xx_hal_uart.o
                0x0000000008001b68                HAL_UART_Init
 .text.HAL_UART_Transmit
                0x0000000008001c10      0x152 ./Drivers/STM32F0xx_HAL_Driver/Src/stm32f0xx_hal_uart.o
                0x0000000008001c10                HAL_UART_Transmit
 *fill*         0x0000000008001d62        0x2 
 .text.HAL_UART_IRQHandler
                0x0000000008001d64      0x5b0 ./Drivers/STM32F0xx_HAL_Driver/Src/stm32f0xx_hal_uart.o
                0x0000000008001d64                HAL_UART_IRQHandler
 .text.HAL_UART_TxCpltCallback
                0x0000000008002314       0x10 ./Drivers/STM32F0xx_HAL_Driver/Src/stm32f0xx_hal_uart.o
                0x0000000008002314                HAL_UART_TxCpltCallback
 .text.HAL_UART_ErrorCallback
                0x0000000008002324       0x10 ./Drivers/STM32F0xx_HAL_Driver/Src/stm32f0xx_hal_uart.o
                0x0000000008002324                HAL_UART_ErrorCallback
 .text.HAL_UARTEx_RxEventCallback
                0x0000000008002334       0x16 ./Drivers/STM32F0xx_HAL_Driver/Src/stm32f0xx_hal_uart.o
                0x0000000008002334                HAL_UARTEx_RxEventCallback
 *fill*         0x000000000800234a        0x2 
 .text.UART_SetConfig
                0x000000000800234c      0x280 ./Drivers/STM32F0xx_HAL_Driver/Src/stm32f0xx_hal_uart.o
                0x000000000800234c                UART_SetConfig
 .text.UART_AdvFeatureConfig
                0x00000000080025cc      0x168 ./Drivers/STM32F0xx_HAL_Driver/Src/stm32f0xx_hal_uart.o
                0x00000000080025cc                UART_AdvFeatureConfig
 .text.UART_CheckIdleState
                0x0000000008002734       0x90 ./Drivers/STM32F0xx_HAL_Driver/Src/stm32f0xx_hal_uart.o
                0x0000000008002734                UART_CheckIdleState
 .text.UART_WaitOnFlagUntilTimeout
                0x00000000080027c4      0x188 ./Drivers/STM32F0xx_HAL_Driver/Src/stm32f0xx_hal_uart.o
                0x00000000080027c4                UART_WaitOnFlagUntilTimeout
 .text.UART_EndRxTransfer
                0x000000000800294c       0xc4 ./Drivers/STM32F0xx_HAL_Driver/Src/stm32f0xx_hal_uart.o
 .text.UART_DMAAbortOnError
                0x0000000008002a10       0x2e ./Drivers/STM32F0xx_HAL_Driver/Src/stm32f0xx_hal_uart.o
 .text.UART_EndTransmit_IT
                0x0000000008002a3e       0x56 ./Drivers/STM32F0xx_HAL_Driver/Src/stm32f0xx_hal_uart.o
 .text.HAL_UARTEx_WakeupCallback
                0x0000000008002a94       0x10 ./Drivers/STM32F0xx_HAL_Driver/Src/stm32f0xx_hal_uart_ex.o
                0x0000000008002a94                HAL_UARTEx_WakeupCallback
 .text.AES_keyschedule_enc_LL
                0x0000000008002aa4      0x1ec D:\refat\Documents\cryptolib2\x-cube-cryptolib-master\Fw_Crypto\STM32F0\Middlewares\ST\STM32_Cryptographic\Lib\libSTM32CryptographicV3.0.0_CM0_GCC_ot.a(crypto.o)
 .text.AES_keyschedule_enc
                0x0000000008002c90       0x34 D:\refat\Documents\cryptolib2\x-cube-cryptolib-master\Fw_Crypto\STM32F0\Middlewares\ST\STM32_Cryptographic\Lib\libSTM32CryptographicV3.0.0_CM0_GCC_ot.a(crypto.o)
                0x0000000008002c90                AES_keyschedule_enc
 .text.AES_general_SW_enc
                0x0000000008002cc4      0x3cc D:\refat\Documents\cryptolib2\x-cube-cryptolib-master\Fw_Crypto\STM32F0\Middlewares\ST\STM32_Cryptographic\Lib\libSTM32CryptographicV3.0.0_CM0_GCC_ot.a(crypto.o)
                0x0000000008002cc4                AES_general_SW_enc
 .text.AES_CFB_Encrypt_Init
                0x0000000008003090       0xb0 D:\refat\Documents\cryptolib2\x-cube-cryptolib-master\Fw_Crypto\STM32F0\Middlewares\ST\STM32_Cryptographic\Lib\libSTM32CryptographicV3.0.0_CM0_GCC_ot.a(crypto.o)
                0x0000000008003090                AES_CFB_Encrypt_Init
 .text.AES_CFB_Encrypt_Append
                0x0000000008003140      0x320 D:\refat\Documents\cryptolib2\x-cube-cryptolib-master\Fw_Crypto\STM32F0\Middlewares\ST\STM32_Cryptographic\Lib\libSTM32CryptographicV3.0.0_CM0_GCC_ot.a(crypto.o)
                0x0000000008003140                AES_CFB_Encrypt_Append
 .text.AES_CFB_Encrypt_Finish
                0x0000000008003460       0x20 D:\refat\Documents\cryptolib2\x-cube-cryptolib-master\Fw_Crypto\STM32F0\Middlewares\ST\STM32_Cryptographic\Lib\libSTM32CryptographicV3.0.0_CM0_GCC_ot.a(crypto.o)
                0x0000000008003460                AES_CFB_Encrypt_Finish
 .text.__errno  0x0000000008003480        0xc d:/program files/stm32cubeide_1.10.1/stm32cubeide/plugins/com.st.stm32cube.ide.mcu.externaltools.gnu-tools-for-stm32.10.3-2021.10.win32_1.0.0.202111181127/tools/bin/../lib/gcc/arm-none-eabi/10.3.1/../../../../arm-none-eabi/lib/thumb/v6-m/nofp\libc_nano.a(lib_a-errno.o)
                0x0000000008003480                __errno
 .text.__libc_init_array
                0x000000000800348c       0x48 d:/program files/stm32cubeide_1.10.1/stm32cubeide/plugins/com.st.stm32cube.ide.mcu.externaltools.gnu-tools-for-stm32.10.3-2021.10.win32_1.0.0.202111181127/tools/bin/../lib/gcc/arm-none-eabi/10.3.1/../../../../arm-none-eabi/lib/thumb/v6-m/nofp\libc_nano.a(lib_a-init.o)
                0x000000000800348c                __libc_init_array
 .text.memcpy   0x00000000080034d4       0x12 d:/program files/stm32cubeide_1.10.1/stm32cubeide/plugins/com.st.stm32cube.ide.mcu.externaltools.gnu-tools-for-stm32.10.3-2021.10.win32_1.0.0.202111181127/tools/bin/../lib/gcc/arm-none-eabi/10.3.1/../../../../arm-none-eabi/lib/thumb/v6-m/nofp\libc_nano.a(lib_a-memcpy-stub.o)
                0x00000000080034d4                memcpy
 .text.memmove  0x00000000080034e6       0x26 d:/program files/stm32cubeide_1.10.1/stm32cubeide/plugins/com.st.stm32cube.ide.mcu.externaltools.gnu-tools-for-stm32.10.3-2021.10.win32_1.0.0.202111181127/tools/bin/../lib/gcc/arm-none-eabi/10.3.1/../../../../arm-none-eabi/lib/thumb/v6-m/nofp\libc_nano.a(lib_a-memmove.o)
                0x00000000080034e6                memmove
 .text.memset   0x000000000800350c       0x10 d:/program files/stm32cubeide_1.10.1/stm32cubeide/plugins/com.st.stm32cube.ide.mcu.externaltools.gnu-tools-for-stm32.10.3-2021.10.win32_1.0.0.202111181127/tools/bin/../lib/gcc/arm-none-eabi/10.3.1/../../../../arm-none-eabi/lib/thumb/v6-m/nofp\libc_nano.a(lib_a-memset.o)
                0x000000000800350c                memset
 .text.sprintf  0x000000000800351c       0x40 d:/program files/stm32cubeide_1.10.1/stm32cubeide/plugins/com.st.stm32cube.ide.mcu.externaltools.gnu-tools-for-stm32.10.3-2021.10.win32_1.0.0.202111181127/tools/bin/../lib/gcc/arm-none-eabi/10.3.1/../../../../arm-none-eabi/lib/thumb/v6-m/nofp\libc_nano.a(lib_a-sprintf.o)
                0x000000000800351c                siprintf
                0x000000000800351c                sprintf
 .text.__ssputs_r
                0x000000000800355c       0xc4 d:/program files/stm32cubeide_1.10.1/stm32cubeide/plugins/com.st.stm32cube.ide.mcu.externaltools.gnu-tools-for-stm32.10.3-2021.10.win32_1.0.0.202111181127/tools/bin/../lib/gcc/arm-none-eabi/10.3.1/../../../../arm-none-eabi/lib/thumb/v6-m/nofp\libc_nano.a(lib_a-nano-svfprintf.o)
                0x000000000800355c                __ssputs_r
 .text._svfprintf_r
                0x0000000008003620      0x200 d:/program files/stm32cubeide_1.10.1/stm32cubeide/plugins/com.st.stm32cube.ide.mcu.externaltools.gnu-tools-for-stm32.10.3-2021.10.win32_1.0.0.202111181127/tools/bin/../lib/gcc/arm-none-eabi/10.3.1/../../../../arm-none-eabi/lib/thumb/v6-m/nofp\libc_nano.a(lib_a-nano-svfprintf.o)
                0x0000000008003620                _svfiprintf_r
                0x0000000008003620                _svfprintf_r
 .text._printf_common
                0x0000000008003820       0xde d:/program files/stm32cubeide_1.10.1/stm32cubeide/plugins/com.st.stm32cube.ide.mcu.externaltools.gnu-tools-for-stm32.10.3-2021.10.win32_1.0.0.202111181127/tools/bin/../lib/gcc/arm-none-eabi/10.3.1/../../../../arm-none-eabi/lib/thumb/v6-m/nofp\libc_nano.a(lib_a-nano-vfprintf_i.o)
                0x0000000008003820                _printf_common
 *fill*         0x00000000080038fe        0x2 
 .text._printf_i
                0x0000000008003900      0x224 d:/program files/stm32cubeide_1.10.1/stm32cubeide/plugins/com.st.stm32cube.ide.mcu.externaltools.gnu-tools-for-stm32.10.3-2021.10.win32_1.0.0.202111181127/tools/bin/../lib/gcc/arm-none-eabi/10.3.1/../../../../arm-none-eabi/lib/thumb/v6-m/nofp\libc_nano.a(lib_a-nano-vfprintf_i.o)
                0x0000000008003900                _printf_i
 .text.memchr   0x0000000008003b24       0x16 d:/program files/stm32cubeide_1.10.1/stm32cubeide/plugins/com.st.stm32cube.ide.mcu.externaltools.gnu-tools-for-stm32.10.3-2021.10.win32_1.0.0.202111181127/tools/bin/../lib/gcc/arm-none-eabi/10.3.1/../../../../arm-none-eabi/lib/thumb/v6-m/nofp\libc_nano.a(lib_a-memchr-stub.o)
                0x0000000008003b24                memchr
 *fill*         0x0000000008003b3a        0x2 
 .text._free_r  0x0000000008003b3c       0x94 d:/program files/stm32cubeide_1.10.1/stm32cubeide/plugins/com.st.stm32cube.ide.mcu.externaltools.gnu-tools-for-stm32.10.3-2021.10.win32_1.0.0.202111181127/tools/bin/../lib/gcc/arm-none-eabi/10.3.1/../../../../arm-none-eabi/lib/thumb/v6-m/nofp\libc_nano.a(lib_a-nano-freer.o)
                0x0000000008003b3c                _free_r
 .text.sbrk_aligned
                0x0000000008003bd0       0x44 d:/program files/stm32cubeide_1.10.1/stm32cubeide/plugins/com.st.stm32cube.ide.mcu.externaltools.gnu-tools-for-stm32.10.3-2021.10.win32_1.0.0.202111181127/tools/bin/../lib/gcc/arm-none-eabi/10.3.1/../../../../arm-none-eabi/lib/thumb/v6-m/nofp\libc_nano.a(lib_a-nano-mallocr.o)
 .text._malloc_r
                0x0000000008003c14       0xec d:/program files/stm32cubeide_1.10.1/stm32cubeide/plugins/com.st.stm32cube.ide.mcu.externaltools.gnu-tools-for-stm32.10.3-2021.10.win32_1.0.0.202111181127/tools/bin/../lib/gcc/arm-none-eabi/10.3.1/../../../../arm-none-eabi/lib/thumb/v6-m/nofp\libc_nano.a(lib_a-nano-mallocr.o)
                0x0000000008003c14                _malloc_r
 .text._realloc_r
                0x0000000008003d00       0x5e d:/program files/stm32cubeide_1.10.1/stm32cubeide/plugins/com.st.stm32cube.ide.mcu.externaltools.gnu-tools-for-stm32.10.3-2021.10.win32_1.0.0.202111181127/tools/bin/../lib/gcc/arm-none-eabi/10.3.1/../../../../arm-none-eabi/lib/thumb/v6-m/nofp\libc_nano.a(lib_a-nano-reallocr.o)
                0x0000000008003d00                _realloc_r
 *fill*         0x0000000008003d5e        0x2 
 .text._sbrk_r  0x0000000008003d60       0x24 d:/program files/stm32cubeide_1.10.1/stm32cubeide/plugins/com.st.stm32cube.ide.mcu.externaltools.gnu-tools-for-stm32.10.3-2021.10.win32_1.0.0.202111181127/tools/bin/../lib/gcc/arm-none-eabi/10.3.1/../../../../arm-none-eabi/lib/thumb/v6-m/nofp\libc_nano.a(lib_a-sbrkr.o)
                0x0000000008003d60                _sbrk_r
 .text.__malloc_lock
                0x0000000008003d84       0x10 d:/program files/stm32cubeide_1.10.1/stm32cubeide/plugins/com.st.stm32cube.ide.mcu.externaltools.gnu-tools-for-stm32.10.3-2021.10.win32_1.0.0.202111181127/tools/bin/../lib/gcc/arm-none-eabi/10.3.1/../../../../arm-none-eabi/lib/thumb/v6-m/nofp\libc_nano.a(lib_a-mlock.o)
                0x0000000008003d84                __malloc_lock
 .text.__malloc_unlock
                0x0000000008003d94       0x10 d:/program files/stm32cubeide_1.10.1/stm32cubeide/plugins/com.st.stm32cube.ide.mcu.externaltools.gnu-tools-for-stm32.10.3-2021.10.win32_1.0.0.202111181127/tools/bin/../lib/gcc/arm-none-eabi/10.3.1/../../../../arm-none-eabi/lib/thumb/v6-m/nofp\libc_nano.a(lib_a-mlock.o)
                0x0000000008003d94                __malloc_unlock
 .text._malloc_usable_size_r
                0x0000000008003da4       0x10 d:/program files/stm32cubeide_1.10.1/stm32cubeide/plugins/com.st.stm32cube.ide.mcu.externaltools.gnu-tools-for-stm32.10.3-2021.10.win32_1.0.0.202111181127/tools/bin/../lib/gcc/arm-none-eabi/10.3.1/../../../../arm-none-eabi/lib/thumb/v6-m/nofp\libc_nano.a(lib_a-nano-msizer.o)
                0x0000000008003da4                _malloc_usable_size_r
 .text.__retarget_lock_acquire_recursive
                0x0000000008003db4        0x2 d:/program files/stm32cubeide_1.10.1/stm32cubeide/plugins/com.st.stm32cube.ide.mcu.externaltools.gnu-tools-for-stm32.10.3-2021.10.win32_1.0.0.202111181127/tools/bin/../lib/gcc/arm-none-eabi/10.3.1/../../../../arm-none-eabi/lib/thumb/v6-m/nofp\libc_nano.a(lib_a-lock.o)
                0x0000000008003db4                __retarget_lock_acquire_recursive
 .text.__retarget_lock_release_recursive
                0x0000000008003db6        0x2 d:/program files/stm32cubeide_1.10.1/stm32cubeide/plugins/com.st.stm32cube.ide.mcu.externaltools.gnu-tools-for-stm32.10.3-2021.10.win32_1.0.0.202111181127/tools/bin/../lib/gcc/arm-none-eabi/10.3.1/../../../../arm-none-eabi/lib/thumb/v6-m/nofp\libc_nano.a(lib_a-lock.o)
                0x0000000008003db6                __retarget_lock_release_recursive
 *(.glue_7)
 .glue_7        0x0000000008003db8        0x0 linker stubs
 *(.glue_7t)
 .glue_7t       0x0000000008003db8        0x0 linker stubs
 *(.eh_frame)
 .eh_frame      0x0000000008003db8        0x0 d:/program files/stm32cubeide_1.10.1/stm32cubeide/plugins/com.st.stm32cube.ide.mcu.externaltools.gnu-tools-for-stm32.10.3-2021.10.win32_1.0.0.202111181127/tools/bin/../lib/gcc/arm-none-eabi/10.3.1/thumb/v6-m/nofp/crtbegin.o
 *(.init)
 .init          0x0000000008003db8        0x4 d:/program files/stm32cubeide_1.10.1/stm32cubeide/plugins/com.st.stm32cube.ide.mcu.externaltools.gnu-tools-for-stm32.10.3-2021.10.win32_1.0.0.202111181127/tools/bin/../lib/gcc/arm-none-eabi/10.3.1/thumb/v6-m/nofp/crti.o
                0x0000000008003db8                _init
 .init          0x0000000008003dbc        0x8 d:/program files/stm32cubeide_1.10.1/stm32cubeide/plugins/com.st.stm32cube.ide.mcu.externaltools.gnu-tools-for-stm32.10.3-2021.10.win32_1.0.0.202111181127/tools/bin/../lib/gcc/arm-none-eabi/10.3.1/thumb/v6-m/nofp/crtn.o
 *(.fini)
 .fini          0x0000000008003dc4        0x4 d:/program files/stm32cubeide_1.10.1/stm32cubeide/plugins/com.st.stm32cube.ide.mcu.externaltools.gnu-tools-for-stm32.10.3-2021.10.win32_1.0.0.202111181127/tools/bin/../lib/gcc/arm-none-eabi/10.3.1/thumb/v6-m/nofp/crti.o
                0x0000000008003dc4                _fini
 .fini          0x0000000008003dc8        0x8 d:/program files/stm32cubeide_1.10.1/stm32cubeide/plugins/com.st.stm32cube.ide.mcu.externaltools.gnu-tools-for-stm32.10.3-2021.10.win32_1.0.0.202111181127/tools/bin/../lib/gcc/arm-none-eabi/10.3.1/thumb/v6-m/nofp/crtn.o
                0x0000000008003dd0                . = ALIGN (0x4)
                0x0000000008003dd0                _etext = .

.vfp11_veneer   0x0000000008003dd0        0x0
 .vfp11_veneer  0x0000000008003dd0        0x0 linker stubs

.v4_bx          0x0000000008003dd0        0x0
 .v4_bx         0x0000000008003dd0        0x0 linker stubs

.iplt           0x0000000008003dd0        0x0
 .iplt          0x0000000008003dd0        0x0 d:/program files/stm32cubeide_1.10.1/stm32cubeide/plugins/com.st.stm32cube.ide.mcu.externaltools.gnu-tools-for-stm32.10.3-2021.10.win32_1.0.0.202111181127/tools/bin/../lib/gcc/arm-none-eabi/10.3.1/thumb/v6-m/nofp/crtbegin.o

.rodata         0x0000000008003dd0      0x5ac
                0x0000000008003dd0                . = ALIGN (0x4)
 *(.rodata)
 .rodata        0x0000000008003dd0        0x5 ./Core/Src/main.o
 *fill*         0x0000000008003dd5        0x3 
 .rodata        0x0000000008003dd8       0x20 ./Drivers/STM32F0xx_HAL_Driver/Src/stm32f0xx_hal_rcc.o
 *(.rodata*)
 .rodata.Plaintext
                0x0000000008003df8       0x10 ./Core/Src/main.o
                0x0000000008003df8                Plaintext
 .rodata.AHBPrescTable
                0x0000000008003e08       0x10 ./Core/Src/system_stm32f0xx.o
                0x0000000008003e08                AHBPrescTable
 .rodata.APBPrescTable
                0x0000000008003e18        0x8 ./Core/Src/system_stm32f0xx.o
                0x0000000008003e18                APBPrescTable
 .rodata.rcon   0x0000000008003e20       0x28 D:\refat\Documents\cryptolib2\x-cube-cryptolib-master\Fw_Crypto\STM32F0\Middlewares\ST\STM32_Cryptographic\Lib\libSTM32CryptographicV3.0.0_CM0_GCC_ot.a(crypto.o)
                0x0000000008003e20                rcon
 .rodata.enc_table
                0x0000000008003e48      0x400 D:\refat\Documents\cryptolib2\x-cube-cryptolib-master\Fw_Crypto\STM32F0\Middlewares\ST\STM32_Cryptographic\Lib\libSTM32CryptographicV3.0.0_CM0_GCC_ot.a(crypto.o)
                0x0000000008003e48                enc_table
 .rodata.Sbox   0x0000000008004248      0x100 D:\refat\Documents\cryptolib2\x-cube-cryptolib-master\Fw_Crypto\STM32F0\Middlewares\ST\STM32_Cryptographic\Lib\libSTM32CryptographicV3.0.0_CM0_GCC_ot.a(crypto.o)
                0x0000000008004248                Sbox
 .rodata._svfprintf_r.str1.1
                0x0000000008004348       0x11 d:/program files/stm32cubeide_1.10.1/stm32cubeide/plugins/com.st.stm32cube.ide.mcu.externaltools.gnu-tools-for-stm32.10.3-2021.10.win32_1.0.0.202111181127/tools/bin/../lib/gcc/arm-none-eabi/10.3.1/../../../../arm-none-eabi/lib/thumb/v6-m/nofp\libc_nano.a(lib_a-nano-svfprintf.o)
 .rodata._printf_i.str1.1
                0x0000000008004359       0x22 d:/program files/stm32cubeide_1.10.1/stm32cubeide/plugins/com.st.stm32cube.ide.mcu.externaltools.gnu-tools-for-stm32.10.3-2021.10.win32_1.0.0.202111181127/tools/bin/../lib/gcc/arm-none-eabi/10.3.1/../../../../arm-none-eabi/lib/thumb/v6-m/nofp\libc_nano.a(lib_a-nano-vfprintf_i.o)
                0x000000000800437c                . = ALIGN (0x4)
 *fill*         0x000000000800437b        0x1 

.rel.dyn        0x000000000800437c        0x0
 .rel.iplt      0x000000000800437c        0x0 d:/program files/stm32cubeide_1.10.1/stm32cubeide/plugins/com.st.stm32cube.ide.mcu.externaltools.gnu-tools-for-stm32.10.3-2021.10.win32_1.0.0.202111181127/tools/bin/../lib/gcc/arm-none-eabi/10.3.1/thumb/v6-m/nofp/crtbegin.o

.ARM.extab      0x000000000800437c        0x0
                0x000000000800437c                . = ALIGN (0x4)
 *(.ARM.extab* .gnu.linkonce.armextab.*)
                0x000000000800437c                . = ALIGN (0x4)

.ARM            0x000000000800437c        0x0
                0x000000000800437c                . = ALIGN (0x4)
                0x000000000800437c                __exidx_start = .
 *(.ARM.exidx*)
                0x000000000800437c                __exidx_end = .
                0x000000000800437c                . = ALIGN (0x4)

.preinit_array  0x000000000800437c        0x0
                0x000000000800437c                . = ALIGN (0x4)
                0x000000000800437c                PROVIDE (__preinit_array_start = .)
 *(.preinit_array*)
                0x000000000800437c                PROVIDE (__preinit_array_end = .)
                0x000000000800437c                . = ALIGN (0x4)

.init_array     0x000000000800437c        0x4
                0x000000000800437c                . = ALIGN (0x4)
                0x000000000800437c                PROVIDE (__init_array_start = .)
 *(SORT_BY_NAME(.init_array.*))
 *(.init_array*)
 .init_array    0x000000000800437c        0x4 d:/program files/stm32cubeide_1.10.1/stm32cubeide/plugins/com.st.stm32cube.ide.mcu.externaltools.gnu-tools-for-stm32.10.3-2021.10.win32_1.0.0.202111181127/tools/bin/../lib/gcc/arm-none-eabi/10.3.1/thumb/v6-m/nofp/crtbegin.o
                0x0000000008004380                PROVIDE (__init_array_end = .)
                0x0000000008004380                . = ALIGN (0x4)

.fini_array     0x0000000008004380        0x4
                0x0000000008004380                . = ALIGN (0x4)
                [!provide]                        PROVIDE (__fini_array_start = .)
 *(SORT_BY_NAME(.fini_array.*))
 *(.fini_array*)
 .fini_array    0x0000000008004380        0x4 d:/program files/stm32cubeide_1.10.1/stm32cubeide/plugins/com.st.stm32cube.ide.mcu.externaltools.gnu-tools-for-stm32.10.3-2021.10.win32_1.0.0.202111181127/tools/bin/../lib/gcc/arm-none-eabi/10.3.1/thumb/v6-m/nofp/crtbegin.o
                [!provide]                        PROVIDE (__fini_array_end = .)
                0x0000000008004384                . = ALIGN (0x4)
                0x0000000008004384                _sidata = LOADADDR (.data)

.data           0x0000000020000000       0x90 load address 0x0000000008004384
                0x0000000020000000                . = ALIGN (0x4)
                0x0000000020000000                _sdata = .
 *(.data)
 *(.data*)
 .data.Key      0x0000000020000000       0x10 ./Core/Src/main.o
                0x0000000020000000                Key
 .data.IV       0x0000000020000010       0x10 ./Core/Src/main.o
                0x0000000020000010                IV
 .data.SystemCoreClock
                0x0000000020000020        0x4 ./Core/Src/system_stm32f0xx.o
                0x0000000020000020                SystemCoreClock
 .data.uwTickPrio
                0x0000000020000024        0x4 ./Drivers/STM32F0xx_HAL_Driver/Src/stm32f0xx_hal.o
                0x0000000020000024                uwTickPrio
 .data.uwTickFreq
                0x0000000020000028        0x1 ./Drivers/STM32F0xx_HAL_Driver/Src/stm32f0xx_hal.o
                0x0000000020000028                uwTickFreq
 *fill*         0x0000000020000029        0x3 
 .data._impure_ptr
                0x000000002000002c        0x4 d:/program files/stm32cubeide_1.10.1/stm32cubeide/plugins/com.st.stm32cube.ide.mcu.externaltools.gnu-tools-for-stm32.10.3-2021.10.win32_1.0.0.202111181127/tools/bin/../lib/gcc/arm-none-eabi/10.3.1/../../../../arm-none-eabi/lib/thumb/v6-m/nofp\libc_nano.a(lib_a-impure.o)
                0x000000002000002c                _impure_ptr
 .data.impure_data
                0x0000000020000030       0x60 d:/program files/stm32cubeide_1.10.1/stm32cubeide/plugins/com.st.stm32cube.ide.mcu.externaltools.gnu-tools-for-stm32.10.3-2021.10.win32_1.0.0.202111181127/tools/bin/../lib/gcc/arm-none-eabi/10.3.1/../../../../arm-none-eabi/lib/thumb/v6-m/nofp\libc_nano.a(lib_a-impure.o)
 *(.RamFunc)
 *(.RamFunc*)
                0x0000000020000090                . = ALIGN (0x4)
                0x0000000020000090                _edata = .

.igot.plt       0x0000000020000090        0x0 load address 0x0000000008004414
 .igot.plt      0x0000000020000090        0x0 d:/program files/stm32cubeide_1.10.1/stm32cubeide/plugins/com.st.stm32cube.ide.mcu.externaltools.gnu-tools-for-stm32.10.3-2021.10.win32_1.0.0.202111181127/tools/bin/../lib/gcc/arm-none-eabi/10.3.1/thumb/v6-m/nofp/crtbegin.o
                0x0000000020000090                . = ALIGN (0x4)

.bss            0x0000000020000090      0x190 load address 0x0000000008004414
                0x0000000020000090                _sbss = .
                0x0000000020000090                __bss_start__ = _sbss
 *(.bss)
 .bss           0x0000000020000090       0x1c d:/program files/stm32cubeide_1.10.1/stm32cubeide/plugins/com.st.stm32cube.ide.mcu.externaltools.gnu-tools-for-stm32.10.3-2021.10.win32_1.0.0.202111181127/tools/bin/../lib/gcc/arm-none-eabi/10.3.1/thumb/v6-m/nofp/crtbegin.o
 *(.bss*)
 .bss.hcrc      0x00000000200000ac       0x1c ./Core/Src/main.o
                0x00000000200000ac                hcrc
 .bss.huart2    0x00000000200000c8       0x84 ./Core/Src/main.o
                0x00000000200000c8                huart2
 .bss.hdma_usart2_rx
                0x000000002000014c       0x44 ./Core/Src/main.o
                0x000000002000014c                hdma_usart2_rx
 .bss.hdma_usart2_tx
                0x0000000020000190       0x44 ./Core/Src/main.o
                0x0000000020000190                hdma_usart2_tx
 .bss.buffer    0x00000000200001d4       0x1e ./Core/Src/main.o
                0x00000000200001d4                buffer
 *fill*         0x00000000200001f2        0x2 
 .bss.cipher    0x00000000200001f4       0x10 ./Core/Src/main.o
                0x00000000200001f4                cipher
 .bss.OutputMessageLength
                0x0000000020000204        0x4 ./Core/Src/main.o
                0x0000000020000204                OutputMessageLength
 .bss.__sbrk_heap_end
                0x0000000020000208        0x4 ./Core/Src/sysmem.o
 .bss.uwTick    0x000000002000020c        0x4 ./Drivers/STM32F0xx_HAL_Driver/Src/stm32f0xx_hal.o
                0x000000002000020c                uwTick
 .bss.__malloc_free_list
                0x0000000020000210        0x4 d:/program files/stm32cubeide_1.10.1/stm32cubeide/plugins/com.st.stm32cube.ide.mcu.externaltools.gnu-tools-for-stm32.10.3-2021.10.win32_1.0.0.202111181127/tools/bin/../lib/gcc/arm-none-eabi/10.3.1/../../../../arm-none-eabi/lib/thumb/v6-m/nofp\libc_nano.a(lib_a-nano-mallocr.o)
                0x0000000020000210                __malloc_free_list
 .bss.__malloc_sbrk_start
                0x0000000020000214        0x4 d:/program files/stm32cubeide_1.10.1/stm32cubeide/plugins/com.st.stm32cube.ide.mcu.externaltools.gnu-tools-for-stm32.10.3-2021.10.win32_1.0.0.202111181127/tools/bin/../lib/gcc/arm-none-eabi/10.3.1/../../../../arm-none-eabi/lib/thumb/v6-m/nofp\libc_nano.a(lib_a-nano-mallocr.o)
                0x0000000020000214                __malloc_sbrk_start
 .bss.errno     0x0000000020000218        0x4 d:/program files/stm32cubeide_1.10.1/stm32cubeide/plugins/com.st.stm32cube.ide.mcu.externaltools.gnu-tools-for-stm32.10.3-2021.10.win32_1.0.0.202111181127/tools/bin/../lib/gcc/arm-none-eabi/10.3.1/../../../../arm-none-eabi/lib/thumb/v6-m/nofp\libc_nano.a(lib_a-reent.o)
                0x0000000020000218                errno
 .bss.__lock___malloc_recursive_mutex
                0x000000002000021c        0x1 d:/program files/stm32cubeide_1.10.1/stm32cubeide/plugins/com.st.stm32cube.ide.mcu.externaltools.gnu-tools-for-stm32.10.3-2021.10.win32_1.0.0.202111181127/tools/bin/../lib/gcc/arm-none-eabi/10.3.1/../../../../arm-none-eabi/lib/thumb/v6-m/nofp\libc_nano.a(lib_a-lock.o)
                0x000000002000021c                __lock___malloc_recursive_mutex
 *(COMMON)
                0x0000000020000220                . = ALIGN (0x4)
 *fill*         0x000000002000021d        0x3 
                0x0000000020000220                _ebss = .
                0x0000000020000220                __bss_end__ = _ebss

._user_heap_stack
                0x0000000020000220      0x600 load address 0x0000000008004414
                0x0000000020000220                . = ALIGN (0x8)
                [!provide]                        PROVIDE (end = .)
                0x0000000020000220                PROVIDE (_end = .)
                0x0000000020000420                . = (. + _Min_Heap_Size)
 *fill*         0x0000000020000220      0x200 
                0x0000000020000820                . = (. + _Min_Stack_Size)
 *fill*         0x0000000020000420      0x400 
                0x0000000020000820                . = ALIGN (0x8)

/DISCARD/
 libc.a(*)
 libm.a(*)
 libgcc.a(*)

.ARM.attributes
                0x0000000000000000       0x28
 *(.ARM.attributes)
 .ARM.attributes
                0x0000000000000000       0x1e d:/program files/stm32cubeide_1.10.1/stm32cubeide/plugins/com.st.stm32cube.ide.mcu.externaltools.gnu-tools-for-stm32.10.3-2021.10.win32_1.0.0.202111181127/tools/bin/../lib/gcc/arm-none-eabi/10.3.1/thumb/v6-m/nofp/crti.o
 .ARM.attributes
                0x000000000000001e       0x2c d:/program files/stm32cubeide_1.10.1/stm32cubeide/plugins/com.st.stm32cube.ide.mcu.externaltools.gnu-tools-for-stm32.10.3-2021.10.win32_1.0.0.202111181127/tools/bin/../lib/gcc/arm-none-eabi/10.3.1/thumb/v6-m/nofp/crtbegin.o
 .ARM.attributes
                0x000000000000004a       0x2c ./Core/Src/main.o
 .ARM.attributes
                0x0000000000000076       0x2c ./Core/Src/stm32f0xx_hal_msp.o
 .ARM.attributes
                0x00000000000000a2       0x2c ./Core/Src/stm32f0xx_it.o
 .ARM.attributes
                0x00000000000000ce       0x2c ./Core/Src/sysmem.o
 .ARM.attributes
                0x00000000000000fa       0x2c ./Core/Src/system_stm32f0xx.o
 .ARM.attributes
                0x0000000000000126       0x21 ./Core/Startup/startup_stm32f051r8tx.o
 .ARM.attributes
                0x0000000000000147       0x2c ./Drivers/STM32F0xx_HAL_Driver/Src/stm32f0xx_hal.o
 .ARM.attributes
                0x0000000000000173       0x2c ./Drivers/STM32F0xx_HAL_Driver/Src/stm32f0xx_hal_cortex.o
 .ARM.attributes
                0x000000000000019f       0x2c ./Drivers/STM32F0xx_HAL_Driver/Src/stm32f0xx_hal_crc.o
 .ARM.attributes
                0x00000000000001cb       0x2c ./Drivers/STM32F0xx_HAL_Driver/Src/stm32f0xx_hal_dma.o
 .ARM.attributes
                0x00000000000001f7       0x2c ./Drivers/STM32F0xx_HAL_Driver/Src/stm32f0xx_hal_gpio.o
 .ARM.attributes
                0x0000000000000223       0x2c ./Drivers/STM32F0xx_HAL_Driver/Src/stm32f0xx_hal_rcc.o
 .ARM.attributes
                0x000000000000024f       0x2c ./Drivers/STM32F0xx_HAL_Driver/Src/stm32f0xx_hal_uart.o
 .ARM.attributes
                0x000000000000027b       0x2c ./Drivers/STM32F0xx_HAL_Driver/Src/stm32f0xx_hal_uart_ex.o
 .ARM.attributes
                0x00000000000002a7       0x2d D:\refat\Documents\cryptolib2\x-cube-cryptolib-master\Fw_Crypto\STM32F0\Middlewares\ST\STM32_Cryptographic\Lib\libSTM32CryptographicV3.0.0_CM0_GCC_ot.a(crypto.o)
 .ARM.attributes
                0x00000000000002d4       0x2c d:/program files/stm32cubeide_1.10.1/stm32cubeide/plugins/com.st.stm32cube.ide.mcu.externaltools.gnu-tools-for-stm32.10.3-2021.10.win32_1.0.0.202111181127/tools/bin/../lib/gcc/arm-none-eabi/10.3.1/../../../../arm-none-eabi/lib/thumb/v6-m/nofp\libc_nano.a(lib_a-errno.o)
 .ARM.attributes
                0x0000000000000300       0x2c d:/program files/stm32cubeide_1.10.1/stm32cubeide/plugins/com.st.stm32cube.ide.mcu.externaltools.gnu-tools-for-stm32.10.3-2021.10.win32_1.0.0.202111181127/tools/bin/../lib/gcc/arm-none-eabi/10.3.1/../../../../arm-none-eabi/lib/thumb/v6-m/nofp\libc_nano.a(lib_a-impure.o)
 .ARM.attributes
                0x000000000000032c       0x2c d:/program files/stm32cubeide_1.10.1/stm32cubeide/plugins/com.st.stm32cube.ide.mcu.externaltools.gnu-tools-for-stm32.10.3-2021.10.win32_1.0.0.202111181127/tools/bin/../lib/gcc/arm-none-eabi/10.3.1/../../../../arm-none-eabi/lib/thumb/v6-m/nofp\libc_nano.a(lib_a-init.o)
 .ARM.attributes
                0x0000000000000358       0x2c d:/program files/stm32cubeide_1.10.1/stm32cubeide/plugins/com.st.stm32cube.ide.mcu.externaltools.gnu-tools-for-stm32.10.3-2021.10.win32_1.0.0.202111181127/tools/bin/../lib/gcc/arm-none-eabi/10.3.1/../../../../arm-none-eabi/lib/thumb/v6-m/nofp\libc_nano.a(lib_a-memcpy-stub.o)
 .ARM.attributes
                0x0000000000000384       0x2c d:/program files/stm32cubeide_1.10.1/stm32cubeide/plugins/com.st.stm32cube.ide.mcu.externaltools.gnu-tools-for-stm32.10.3-2021.10.win32_1.0.0.202111181127/tools/bin/../lib/gcc/arm-none-eabi/10.3.1/../../../../arm-none-eabi/lib/thumb/v6-m/nofp\libc_nano.a(lib_a-memmove.o)
 .ARM.attributes
                0x00000000000003b0       0x2c d:/program files/stm32cubeide_1.10.1/stm32cubeide/plugins/com.st.stm32cube.ide.mcu.externaltools.gnu-tools-for-stm32.10.3-2021.10.win32_1.0.0.202111181127/tools/bin/../lib/gcc/arm-none-eabi/10.3.1/../../../../arm-none-eabi/lib/thumb/v6-m/nofp\libc_nano.a(lib_a-memset.o)
 .ARM.attributes
                0x00000000000003dc       0x2c d:/program files/stm32cubeide_1.10.1/stm32cubeide/plugins/com.st.stm32cube.ide.mcu.externaltools.gnu-tools-for-stm32.10.3-2021.10.win32_1.0.0.202111181127/tools/bin/../lib/gcc/arm-none-eabi/10.3.1/../../../../arm-none-eabi/lib/thumb/v6-m/nofp\libc_nano.a(lib_a-sprintf.o)
 .ARM.attributes
                0x0000000000000408       0x2c d:/program files/stm32cubeide_1.10.1/stm32cubeide/plugins/com.st.stm32cube.ide.mcu.externaltools.gnu-tools-for-stm32.10.3-2021.10.win32_1.0.0.202111181127/tools/bin/../lib/gcc/arm-none-eabi/10.3.1/../../../../arm-none-eabi/lib/thumb/v6-m/nofp\libc_nano.a(lib_a-nano-svfprintf.o)
 .ARM.attributes
                0x0000000000000434       0x2c d:/program files/stm32cubeide_1.10.1/stm32cubeide/plugins/com.st.stm32cube.ide.mcu.externaltools.gnu-tools-for-stm32.10.3-2021.10.win32_1.0.0.202111181127/tools/bin/../lib/gcc/arm-none-eabi/10.3.1/../../../../arm-none-eabi/lib/thumb/v6-m/nofp\libc_nano.a(lib_a-nano-vfprintf_i.o)
 .ARM.attributes
                0x0000000000000460       0x2c d:/program files/stm32cubeide_1.10.1/stm32cubeide/plugins/com.st.stm32cube.ide.mcu.externaltools.gnu-tools-for-stm32.10.3-2021.10.win32_1.0.0.202111181127/tools/bin/../lib/gcc/arm-none-eabi/10.3.1/../../../../arm-none-eabi/lib/thumb/v6-m/nofp\libc_nano.a(lib_a-memchr-stub.o)
 .ARM.attributes
                0x000000000000048c       0x2c d:/program files/stm32cubeide_1.10.1/stm32cubeide/plugins/com.st.stm32cube.ide.mcu.externaltools.gnu-tools-for-stm32.10.3-2021.10.win32_1.0.0.202111181127/tools/bin/../lib/gcc/arm-none-eabi/10.3.1/../../../../arm-none-eabi/lib/thumb/v6-m/nofp\libc_nano.a(lib_a-nano-freer.o)
 .ARM.attributes
                0x00000000000004b8       0x2c d:/program files/stm32cubeide_1.10.1/stm32cubeide/plugins/com.st.stm32cube.ide.mcu.externaltools.gnu-tools-for-stm32.10.3-2021.10.win32_1.0.0.202111181127/tools/bin/../lib/gcc/arm-none-eabi/10.3.1/../../../../arm-none-eabi/lib/thumb/v6-m/nofp\libc_nano.a(lib_a-nano-mallocr.o)
 .ARM.attributes
                0x00000000000004e4       0x2c d:/program files/stm32cubeide_1.10.1/stm32cubeide/plugins/com.st.stm32cube.ide.mcu.externaltools.gnu-tools-for-stm32.10.3-2021.10.win32_1.0.0.202111181127/tools/bin/../lib/gcc/arm-none-eabi/10.3.1/../../../../arm-none-eabi/lib/thumb/v6-m/nofp\libc_nano.a(lib_a-nano-reallocr.o)
 .ARM.attributes
                0x0000000000000510       0x2c d:/program files/stm32cubeide_1.10.1/stm32cubeide/plugins/com.st.stm32cube.ide.mcu.externaltools.gnu-tools-for-stm32.10.3-2021.10.win32_1.0.0.202111181127/tools/bin/../lib/gcc/arm-none-eabi/10.3.1/../../../../arm-none-eabi/lib/thumb/v6-m/nofp\libc_nano.a(lib_a-sbrkr.o)
 .ARM.attributes
                0x000000000000053c       0x2c d:/program files/stm32cubeide_1.10.1/stm32cubeide/plugins/com.st.stm32cube.ide.mcu.externaltools.gnu-tools-for-stm32.10.3-2021.10.win32_1.0.0.202111181127/tools/bin/../lib/gcc/arm-none-eabi/10.3.1/../../../../arm-none-eabi/lib/thumb/v6-m/nofp\libc_nano.a(lib_a-mlock.o)
 .ARM.attributes
                0x0000000000000568       0x2c d:/program files/stm32cubeide_1.10.1/stm32cubeide/plugins/com.st.stm32cube.ide.mcu.externaltools.gnu-tools-for-stm32.10.3-2021.10.win32_1.0.0.202111181127/tools/bin/../lib/gcc/arm-none-eabi/10.3.1/../../../../arm-none-eabi/lib/thumb/v6-m/nofp\libc_nano.a(lib_a-nano-msizer.o)
 .ARM.attributes
                0x0000000000000594       0x2c d:/program files/stm32cubeide_1.10.1/stm32cubeide/plugins/com.st.stm32cube.ide.mcu.externaltools.gnu-tools-for-stm32.10.3-2021.10.win32_1.0.0.202111181127/tools/bin/../lib/gcc/arm-none-eabi/10.3.1/../../../../arm-none-eabi/lib/thumb/v6-m/nofp\libc_nano.a(lib_a-reent.o)
 .ARM.attributes
                0x00000000000005c0       0x2c d:/program files/stm32cubeide_1.10.1/stm32cubeide/plugins/com.st.stm32cube.ide.mcu.externaltools.gnu-tools-for-stm32.10.3-2021.10.win32_1.0.0.202111181127/tools/bin/../lib/gcc/arm-none-eabi/10.3.1/../../../../arm-none-eabi/lib/thumb/v6-m/nofp\libc_nano.a(lib_a-lock.o)
 .ARM.attributes
                0x00000000000005ec       0x1e d:/program files/stm32cubeide_1.10.1/stm32cubeide/plugins/com.st.stm32cube.ide.mcu.externaltools.gnu-tools-for-stm32.10.3-2021.10.win32_1.0.0.202111181127/tools/bin/../lib/gcc/arm-none-eabi/10.3.1/thumb/v6-m/nofp\libgcc.a(_thumb1_case_shi.o)
 .ARM.attributes
                0x000000000000060a       0x1e d:/program files/stm32cubeide_1.10.1/stm32cubeide/plugins/com.st.stm32cube.ide.mcu.externaltools.gnu-tools-for-stm32.10.3-2021.10.win32_1.0.0.202111181127/tools/bin/../lib/gcc/arm-none-eabi/10.3.1/thumb/v6-m/nofp\libgcc.a(_udivsi3.o)
 .ARM.attributes
                0x0000000000000628       0x1e d:/program files/stm32cubeide_1.10.1/stm32cubeide/plugins/com.st.stm32cube.ide.mcu.externaltools.gnu-tools-for-stm32.10.3-2021.10.win32_1.0.0.202111181127/tools/bin/../lib/gcc/arm-none-eabi/10.3.1/thumb/v6-m/nofp\libgcc.a(_dvmd_tls.o)
 .ARM.attributes
                0x0000000000000646       0x1e d:/program files/stm32cubeide_1.10.1/stm32cubeide/plugins/com.st.stm32cube.ide.mcu.externaltools.gnu-tools-for-stm32.10.3-2021.10.win32_1.0.0.202111181127/tools/bin/../lib/gcc/arm-none-eabi/10.3.1/thumb/v6-m/nofp/crtn.o
OUTPUT(AES_Encrypt.elf elf32-littlearm)
LOAD linker stubs
LOAD d:/program files/stm32cubeide_1.10.1/stm32cubeide/plugins/com.st.stm32cube.ide.mcu.externaltools.gnu-tools-for-stm32.10.3-2021.10.win32_1.0.0.202111181127/tools/bin/../lib/gcc/arm-none-eabi/10.3.1/../../../../arm-none-eabi/lib/thumb/v6-m/nofp\libc.a
LOAD d:/program files/stm32cubeide_1.10.1/stm32cubeide/plugins/com.st.stm32cube.ide.mcu.externaltools.gnu-tools-for-stm32.10.3-2021.10.win32_1.0.0.202111181127/tools/bin/../lib/gcc/arm-none-eabi/10.3.1/../../../../arm-none-eabi/lib/thumb/v6-m/nofp\libm.a
LOAD d:/program files/stm32cubeide_1.10.1/stm32cubeide/plugins/com.st.stm32cube.ide.mcu.externaltools.gnu-tools-for-stm32.10.3-2021.10.win32_1.0.0.202111181127/tools/bin/../lib/gcc/arm-none-eabi/10.3.1/thumb/v6-m/nofp\libgcc.a

.debug_info     0x0000000000000000     0x9d86
 .debug_info    0x0000000000000000     0x13dd ./Core/Src/main.o
 .debug_info    0x00000000000013dd      0xcb6 ./Core/Src/stm32f0xx_hal_msp.o
 .debug_info    0x0000000000002093      0x70d ./Core/Src/stm32f0xx_it.o
 .debug_info    0x00000000000027a0      0x171 ./Core/Src/sysmem.o
 .debug_info    0x0000000000002911      0x269 ./Core/Src/system_stm32f0xx.o
 .debug_info    0x0000000000002b7a       0x22 ./Core/Startup/startup_stm32f051r8tx.o
 .debug_info    0x0000000000002b9c      0x6de ./Drivers/STM32F0xx_HAL_Driver/Src/stm32f0xx_hal.o
 .debug_info    0x000000000000327a      0x711 ./Drivers/STM32F0xx_HAL_Driver/Src/stm32f0xx_hal_cortex.o
 .debug_info    0x000000000000398b      0x52b ./Drivers/STM32F0xx_HAL_Driver/Src/stm32f0xx_hal_crc.o
 .debug_info    0x0000000000003eb6      0x752 ./Drivers/STM32F0xx_HAL_Driver/Src/stm32f0xx_hal_dma.o
 .debug_info    0x0000000000004608      0x621 ./Drivers/STM32F0xx_HAL_Driver/Src/stm32f0xx_hal_gpio.o
 .debug_info    0x0000000000004c29      0x89f ./Drivers/STM32F0xx_HAL_Driver/Src/stm32f0xx_hal_rcc.o
 .debug_info    0x00000000000054c8     0x3c0c ./Drivers/STM32F0xx_HAL_Driver/Src/stm32f0xx_hal_uart.o
 .debug_info    0x00000000000090d4      0xcb2 ./Drivers/STM32F0xx_HAL_Driver/Src/stm32f0xx_hal_uart_ex.o

.debug_abbrev   0x0000000000000000     0x1a5a
 .debug_abbrev  0x0000000000000000      0x31b ./Core/Src/main.o
 .debug_abbrev  0x000000000000031b      0x20b ./Core/Src/stm32f0xx_hal_msp.o
 .debug_abbrev  0x0000000000000526      0x170 ./Core/Src/stm32f0xx_it.o
 .debug_abbrev  0x0000000000000696       0xbb ./Core/Src/sysmem.o
 .debug_abbrev  0x0000000000000751      0x116 ./Core/Src/system_stm32f0xx.o
 .debug_abbrev  0x0000000000000867       0x12 ./Core/Startup/startup_stm32f051r8tx.o
 .debug_abbrev  0x0000000000000879      0x23f ./Drivers/STM32F0xx_HAL_Driver/Src/stm32f0xx_hal.o
 .debug_abbrev  0x0000000000000ab8      0x283 ./Drivers/STM32F0xx_HAL_Driver/Src/stm32f0xx_hal_cortex.o
 .debug_abbrev  0x0000000000000d3b      0x18b ./Drivers/STM32F0xx_HAL_Driver/Src/stm32f0xx_hal_crc.o
 .debug_abbrev  0x0000000000000ec6      0x1e9 ./Drivers/STM32F0xx_HAL_Driver/Src/stm32f0xx_hal_dma.o
 .debug_abbrev  0x00000000000010af      0x1bb ./Drivers/STM32F0xx_HAL_Driver/Src/stm32f0xx_hal_gpio.o
 .debug_abbrev  0x000000000000126a      0x283 ./Drivers/STM32F0xx_HAL_Driver/Src/stm32f0xx_hal_rcc.o
 .debug_abbrev  0x00000000000014ed      0x2cb ./Drivers/STM32F0xx_HAL_Driver/Src/stm32f0xx_hal_uart.o
 .debug_abbrev  0x00000000000017b8      0x2a2 ./Drivers/STM32F0xx_HAL_Driver/Src/stm32f0xx_hal_uart_ex.o

.debug_aranges  0x0000000000000000      0x748
 .debug_aranges
                0x0000000000000000       0x68 ./Core/Src/main.o
 .debug_aranges
                0x0000000000000068       0x40 ./Core/Src/stm32f0xx_hal_msp.o
 .debug_aranges
                0x00000000000000a8       0x50 ./Core/Src/stm32f0xx_it.o
 .debug_aranges
                0x00000000000000f8       0x20 ./Core/Src/sysmem.o
 .debug_aranges
                0x0000000000000118       0x28 ./Core/Src/system_stm32f0xx.o
 .debug_aranges
                0x0000000000000140       0x28 ./Core/Startup/startup_stm32f051r8tx.o
 .debug_aranges
                0x0000000000000168       0xd0 ./Drivers/STM32F0xx_HAL_Driver/Src/stm32f0xx_hal.o
 .debug_aranges
                0x0000000000000238       0xc0 ./Drivers/STM32F0xx_HAL_Driver/Src/stm32f0xx_hal_cortex.o
 .debug_aranges
                0x00000000000002f8       0x60 ./Drivers/STM32F0xx_HAL_Driver/Src/stm32f0xx_hal_crc.o
 .debug_aranges
                0x0000000000000358       0x88 ./Drivers/STM32F0xx_HAL_Driver/Src/stm32f0xx_hal_dma.o
 .debug_aranges
                0x00000000000003e0       0x58 ./Drivers/STM32F0xx_HAL_Driver/Src/stm32f0xx_hal_gpio.o
 .debug_aranges
                0x0000000000000438       0x80 ./Drivers/STM32F0xx_HAL_Driver/Src/stm32f0xx_hal_rcc.o
 .debug_aranges
                0x00000000000004b8      0x228 ./Drivers/STM32F0xx_HAL_Driver/Src/stm32f0xx_hal_uart.o
 .debug_aranges
                0x00000000000006e0       0x68 ./Drivers/STM32F0xx_HAL_Driver/Src/stm32f0xx_hal_uart_ex.o

.debug_ranges   0x0000000000000000      0x6a0
 .debug_ranges  0x0000000000000000       0x58 ./Core/Src/main.o
 .debug_ranges  0x0000000000000058       0x30 ./Core/Src/stm32f0xx_hal_msp.o
 .debug_ranges  0x0000000000000088       0x40 ./Core/Src/stm32f0xx_it.o
 .debug_ranges  0x00000000000000c8       0x10 ./Core/Src/sysmem.o
 .debug_ranges  0x00000000000000d8       0x18 ./Core/Src/system_stm32f0xx.o
 .debug_ranges  0x00000000000000f0       0x20 ./Core/Startup/startup_stm32f051r8tx.o
 .debug_ranges  0x0000000000000110       0xc0 ./Drivers/STM32F0xx_HAL_Driver/Src/stm32f0xx_hal.o
 .debug_ranges  0x00000000000001d0       0xb0 ./Drivers/STM32F0xx_HAL_Driver/Src/stm32f0xx_hal_cortex.o
 .debug_ranges  0x0000000000000280       0x50 ./Drivers/STM32F0xx_HAL_Driver/Src/stm32f0xx_hal_crc.o
 .debug_ranges  0x00000000000002d0       0x78 ./Drivers/STM32F0xx_HAL_Driver/Src/stm32f0xx_hal_dma.o
 .debug_ranges  0x0000000000000348       0x48 ./Drivers/STM32F0xx_HAL_Driver/Src/stm32f0xx_hal_gpio.o
 .debug_ranges  0x0000000000000390       0x70 ./Drivers/STM32F0xx_HAL_Driver/Src/stm32f0xx_hal_rcc.o
 .debug_ranges  0x0000000000000400      0x248 ./Drivers/STM32F0xx_HAL_Driver/Src/stm32f0xx_hal_uart.o
 .debug_ranges  0x0000000000000648       0x58 ./Drivers/STM32F0xx_HAL_Driver/Src/stm32f0xx_hal_uart_ex.o

.debug_macro    0x0000000000000000    0x12c0e
 .debug_macro   0x0000000000000000      0x531 ./Core/Src/main.o
 .debug_macro   0x0000000000000531      0xa4e ./Core/Src/main.o
 .debug_macro   0x0000000000000f7f      0x133 ./Core/Src/main.o
 .debug_macro   0x00000000000010b2       0x2e ./Core/Src/main.o
 .debug_macro   0x00000000000010e0       0x22 ./Core/Src/main.o
 .debug_macro   0x0000000000001102       0x22 ./Core/Src/main.o
 .debug_macro   0x0000000000001124       0x8e ./Core/Src/main.o
 .debug_macro   0x00000000000011b2       0x51 ./Core/Src/main.o
 .debug_macro   0x0000000000001203      0x103 ./Core/Src/main.o
 .debug_macro   0x0000000000001306       0x6a ./Core/Src/main.o
 .debug_macro   0x0000000000001370      0x1df ./Core/Src/main.o
 .debug_macro   0x000000000000154f       0x1c ./Core/Src/main.o
 .debug_macro   0x000000000000156b       0x22 ./Core/Src/main.o
 .debug_macro   0x000000000000158d       0xaf ./Core/Src/main.o
 .debug_macro   0x000000000000163c      0x391 ./Core/Src/main.o
 .debug_macro   0x00000000000019cd     0x8ce4 ./Core/Src/main.o
 .debug_macro   0x000000000000a6b1       0x66 ./Core/Src/main.o
 .debug_macro   0x000000000000a717     0x34a6 ./Core/Src/main.o
 .debug_macro   0x000000000000dbbd      0x174 ./Core/Src/main.o
 .debug_macro   0x000000000000dd31       0x55 ./Core/Src/main.o
 .debug_macro   0x000000000000dd86      0x924 ./Core/Src/main.o
 .debug_macro   0x000000000000e6aa      0x251 ./Core/Src/main.o
 .debug_macro   0x000000000000e8fb      0x1af ./Core/Src/main.o
 .debug_macro   0x000000000000eaaa      0x114 ./Core/Src/main.o
 .debug_macro   0x000000000000ebbe      0x1a0 ./Core/Src/main.o
 .debug_macro   0x000000000000ed5e      0x1ed ./Core/Src/main.o
 .debug_macro   0x000000000000ef4b       0x34 ./Core/Src/main.o
 .debug_macro   0x000000000000ef7f       0x43 ./Core/Src/main.o
 .debug_macro   0x000000000000efc2       0x28 ./Core/Src/main.o
 .debug_macro   0x000000000000efea       0x6c ./Core/Src/main.o
 .debug_macro   0x000000000000f056       0x4c ./Core/Src/main.o
 .debug_macro   0x000000000000f0a2       0xb0 ./Core/Src/main.o
 .debug_macro   0x000000000000f152      0x199 ./Core/Src/main.o
 .debug_macro   0x000000000000f2eb      0x22c ./Core/Src/main.o
 .debug_macro   0x000000000000f517       0x61 ./Core/Src/main.o
 .debug_macro   0x000000000000f578       0xa5 ./Core/Src/main.o
 .debug_macro   0x000000000000f61d       0x4c ./Core/Src/main.o
 .debug_macro   0x000000000000f669      0x112 ./Core/Src/main.o
 .debug_macro   0x000000000000f77b      0x5a5 ./Core/Src/main.o
 .debug_macro   0x000000000000fd20       0x3e ./Core/Src/main.o
 .debug_macro   0x000000000000fd5e      0x114 ./Core/Src/main.o
 .debug_macro   0x000000000000fe72      0x14d ./Core/Src/main.o
 .debug_macro   0x000000000000ffbf       0x42 ./Core/Src/main.o
 .debug_macro   0x0000000000010001       0x18 ./Core/Src/main.o
 .debug_macro   0x0000000000010019       0x52 ./Core/Src/main.o
 .debug_macro   0x000000000001006b       0x3c ./Core/Src/main.o
 .debug_macro   0x00000000000100a7       0x34 ./Core/Src/main.o
 .debug_macro   0x00000000000100db       0x16 ./Core/Src/main.o
 .debug_macro   0x00000000000100f1       0x35 ./Core/Src/main.o
 .debug_macro   0x0000000000010126       0x16 ./Core/Src/main.o
 .debug_macro   0x000000000001013c       0x43 ./Core/Src/main.o
 .debug_macro   0x000000000001017f       0x34 ./Core/Src/main.o
 .debug_macro   0x00000000000101b3       0x10 ./Core/Src/main.o
 .debug_macro   0x00000000000101c3       0x58 ./Core/Src/main.o
 .debug_macro   0x000000000001021b       0x71 ./Core/Src/main.o
 .debug_macro   0x000000000001028c       0x1c ./Core/Src/main.o
 .debug_macro   0x00000000000102a8      0x12a ./Core/Src/main.o
 .debug_macro   0x00000000000103d2      0x341 ./Core/Src/main.o
 .debug_macro   0x0000000000010713       0x16 ./Core/Src/main.o
 .debug_macro   0x0000000000010729       0x29 ./Core/Src/main.o
 .debug_macro   0x0000000000010752       0x78 ./Core/Src/main.o
 .debug_macro   0x00000000000107ca      0x214 ./Core/Src/main.o
 .debug_macro   0x00000000000109de       0x82 ./Core/Src/main.o
 .debug_macro   0x0000000000010a60       0x6d ./Core/Src/main.o
 .debug_macro   0x0000000000010acd       0x3a ./Core/Src/main.o
 .debug_macro   0x0000000000010b07       0x16 ./Core/Src/main.o
 .debug_macro   0x0000000000010b1d       0x16 ./Core/Src/main.o
 .debug_macro   0x0000000000010b33       0x16 ./Core/Src/main.o
 .debug_macro   0x0000000000010b49       0x10 ./Core/Src/main.o
 .debug_macro   0x0000000000010b59       0x10 ./Core/Src/main.o
 .debug_macro   0x0000000000010b69       0x10 ./Core/Src/main.o
 .debug_macro   0x0000000000010b79       0x10 ./Core/Src/main.o
 .debug_macro   0x0000000000010b89       0x10 ./Core/Src/main.o
 .debug_macro   0x0000000000010b99       0x10 ./Core/Src/main.o
 .debug_macro   0x0000000000010ba9       0x34 ./Core/Src/main.o
 .debug_macro   0x0000000000010bdd       0x10 ./Core/Src/main.o
 .debug_macro   0x0000000000010bed       0x3a ./Core/Src/main.o
 .debug_macro   0x0000000000010c27       0x16 ./Core/Src/main.o
 .debug_macro   0x0000000000010c3d       0x1c ./Core/Src/main.o
 .debug_macro   0x0000000000010c59      0x201 ./Core/Src/main.o
 .debug_macro   0x0000000000010e5a      0x522 ./Core/Src/stm32f0xx_hal_msp.o
 .debug_macro   0x000000000001137c      0x52c ./Core/Src/stm32f0xx_it.o
 .debug_macro   0x00000000000118a8       0xff ./Core/Src/sysmem.o
 .debug_macro   0x00000000000119a7      0x23b ./Core/Src/sysmem.o
 .debug_macro   0x0000000000011be2      0x1c2 ./Core/Src/system_stm32f0xx.o
 .debug_macro   0x0000000000011da4      0x1e6 ./Drivers/STM32F0xx_HAL_Driver/Src/stm32f0xx_hal.o
 .debug_macro   0x0000000000011f8a      0x1c2 ./Drivers/STM32F0xx_HAL_Driver/Src/stm32f0xx_hal_cortex.o
 .debug_macro   0x000000000001214c      0x1c2 ./Drivers/STM32F0xx_HAL_Driver/Src/stm32f0xx_hal_crc.o
 .debug_macro   0x000000000001230e      0x1c2 ./Drivers/STM32F0xx_HAL_Driver/Src/stm32f0xx_hal_dma.o
 .debug_macro   0x00000000000124d0      0x1c9 ./Drivers/STM32F0xx_HAL_Driver/Src/stm32f0xx_hal_gpio.o
 .debug_macro   0x0000000000012699      0x1d4 ./Drivers/STM32F0xx_HAL_Driver/Src/stm32f0xx_hal_rcc.o
 .debug_macro   0x000000000001286d      0x1df ./Drivers/STM32F0xx_HAL_Driver/Src/stm32f0xx_hal_uart.o
 .debug_macro   0x0000000000012a4c      0x1c2 ./Drivers/STM32F0xx_HAL_Driver/Src/stm32f0xx_hal_uart_ex.o

.debug_line     0x0000000000000000     0xbc6a
 .debug_line    0x0000000000000000     0x125c ./Core/Src/main.o
 .debug_line    0x000000000000125c     0x110f ./Core/Src/stm32f0xx_hal_msp.o
 .debug_line    0x000000000000236b     0x10d7 ./Core/Src/stm32f0xx_it.o
 .debug_line    0x0000000000003442      0x521 ./Core/Src/sysmem.o
 .debug_line    0x0000000000003963      0x773 ./Core/Src/system_stm32f0xx.o
 .debug_line    0x00000000000040d6       0x89 ./Core/Startup/startup_stm32f051r8tx.o
 .debug_line    0x000000000000415f      0x97e ./Drivers/STM32F0xx_HAL_Driver/Src/stm32f0xx_hal.o
 .debug_line    0x0000000000004add      0xa2a ./Drivers/STM32F0xx_HAL_Driver/Src/stm32f0xx_hal_cortex.o
 .debug_line    0x0000000000005507      0xa33 ./Drivers/STM32F0xx_HAL_Driver/Src/stm32f0xx_hal_crc.o
 .debug_line    0x0000000000005f3a      0xc9a ./Drivers/STM32F0xx_HAL_Driver/Src/stm32f0xx_hal_dma.o
 .debug_line    0x0000000000006bd4      0xafb ./Drivers/STM32F0xx_HAL_Driver/Src/stm32f0xx_hal_gpio.o
 .debug_line    0x00000000000076cf      0xd6a ./Drivers/STM32F0xx_HAL_Driver/Src/stm32f0xx_hal_rcc.o
 .debug_line    0x0000000000008439     0x2c79 ./Drivers/STM32F0xx_HAL_Driver/Src/stm32f0xx_hal_uart.o
 .debug_line    0x000000000000b0b2      0xbb8 ./Drivers/STM32F0xx_HAL_Driver/Src/stm32f0xx_hal_uart_ex.o

.debug_str      0x0000000000000000    0x6b6a6
 .debug_str     0x0000000000000000    0x69abb ./Core/Src/main.o
                                      0x69fb1 (size before relaxing)
 .debug_str     0x0000000000069abb       0xb8 ./Core/Src/stm32f0xx_hal_msp.o
                                      0x694b1 (size before relaxing)
 .debug_str     0x0000000000069b73       0xbb ./Core/Src/stm32f0xx_it.o
                                      0x690b8 (size before relaxing)
 .debug_str     0x0000000000069c2e      0x4da ./Core/Src/sysmem.o
                                       0x5ca0 (size before relaxing)
 .debug_str     0x000000000006a108       0x8b ./Core/Src/system_stm32f0xx.o
                                      0x638c1 (size before relaxing)
 .debug_str     0x000000000006a193       0x36 ./Core/Startup/startup_stm32f051r8tx.o
                                         0x6a (size before relaxing)
 .debug_str     0x000000000006a1c9      0x37a ./Drivers/STM32F0xx_HAL_Driver/Src/stm32f0xx_hal.o
                                      0x63e84 (size before relaxing)
 .debug_str     0x000000000006a543      0x179 ./Drivers/STM32F0xx_HAL_Driver/Src/stm32f0xx_hal_cortex.o
                                      0x63c75 (size before relaxing)
 .debug_str     0x000000000006a6bc       0x9e ./Drivers/STM32F0xx_HAL_Driver/Src/stm32f0xx_hal_crc.o
                                      0x63a98 (size before relaxing)
 .debug_str     0x000000000006a75a      0x21e ./Drivers/STM32F0xx_HAL_Driver/Src/stm32f0xx_hal_dma.o
                                      0x63c67 (size before relaxing)
 .debug_str     0x000000000006a978      0x113 ./Drivers/STM32F0xx_HAL_Driver/Src/stm32f0xx_hal_gpio.o
                                      0x63a62 (size before relaxing)
 .debug_str     0x000000000006aa8b      0x21a ./Drivers/STM32F0xx_HAL_Driver/Src/stm32f0xx_hal_rcc.o
                                      0x63cfd (size before relaxing)
 .debug_str     0x000000000006aca5      0x85a ./Drivers/STM32F0xx_HAL_Driver/Src/stm32f0xx_hal_uart.o
                                      0x645fd (size before relaxing)
 .debug_str     0x000000000006b4ff      0x1a7 ./Drivers/STM32F0xx_HAL_Driver/Src/stm32f0xx_hal_uart_ex.o
                                      0x63f14 (size before relaxing)

.comment        0x0000000000000000       0xd2
 .comment       0x0000000000000000       0x50 ./Core/Src/main.o
                                         0x51 (size before relaxing)
 .comment       0x0000000000000050       0x51 ./Core/Src/stm32f0xx_hal_msp.o
 .comment       0x0000000000000050       0x51 ./Core/Src/stm32f0xx_it.o
 .comment       0x0000000000000050       0x51 ./Core/Src/sysmem.o
 .comment       0x0000000000000050       0x51 ./Core/Src/system_stm32f0xx.o
 .comment       0x0000000000000050       0x51 ./Drivers/STM32F0xx_HAL_Driver/Src/stm32f0xx_hal.o
 .comment       0x0000000000000050       0x51 ./Drivers/STM32F0xx_HAL_Driver/Src/stm32f0xx_hal_cortex.o
 .comment       0x0000000000000050       0x51 ./Drivers/STM32F0xx_HAL_Driver/Src/stm32f0xx_hal_crc.o
 .comment       0x0000000000000050       0x51 ./Drivers/STM32F0xx_HAL_Driver/Src/stm32f0xx_hal_dma.o
 .comment       0x0000000000000050       0x51 ./Drivers/STM32F0xx_HAL_Driver/Src/stm32f0xx_hal_gpio.o
 .comment       0x0000000000000050       0x51 ./Drivers/STM32F0xx_HAL_Driver/Src/stm32f0xx_hal_rcc.o
 .comment       0x0000000000000050       0x51 ./Drivers/STM32F0xx_HAL_Driver/Src/stm32f0xx_hal_uart.o
 .comment       0x0000000000000050       0x51 ./Drivers/STM32F0xx_HAL_Driver/Src/stm32f0xx_hal_uart_ex.o
 .comment       0x0000000000000050       0x82 D:\refat\Documents\cryptolib2\x-cube-cryptolib-master\Fw_Crypto\STM32F0\Middlewares\ST\STM32_Cryptographic\Lib\libSTM32CryptographicV3.0.0_CM0_GCC_ot.a(crypto.o)
                                         0x83 (size before relaxing)

.debug_frame    0x0000000000000000     0x1c28
 .debug_frame   0x0000000000000000      0x154 ./Core/Src/main.o
 .debug_frame   0x0000000000000154       0xb0 ./Core/Src/stm32f0xx_hal_msp.o
 .debug_frame   0x0000000000000204       0xd4 ./Core/Src/stm32f0xx_it.o
 .debug_frame   0x00000000000002d8       0x30 ./Core/Src/sysmem.o
 .debug_frame   0x0000000000000308       0x4c ./Core/Src/system_stm32f0xx.o
 .debug_frame   0x0000000000000354      0x2a4 ./Drivers/STM32F0xx_HAL_Driver/Src/stm32f0xx_hal.o
 .debug_frame   0x00000000000005f8      0x2a0 ./Drivers/STM32F0xx_HAL_Driver/Src/stm32f0xx_hal_cortex.o
 .debug_frame   0x0000000000000898      0x130 ./Drivers/STM32F0xx_HAL_Driver/Src/stm32f0xx_hal_crc.o
 .debug_frame   0x00000000000009c8      0x1d0 ./Drivers/STM32F0xx_HAL_Driver/Src/stm32f0xx_hal_dma.o
 .debug_frame   0x0000000000000b98      0x110 ./Drivers/STM32F0xx_HAL_Driver/Src/stm32f0xx_hal_gpio.o
 .debug_frame   0x0000000000000ca8      0x198 ./Drivers/STM32F0xx_HAL_Driver/Src/stm32f0xx_hal_rcc.o
 .debug_frame   0x0000000000000e40      0x850 ./Drivers/STM32F0xx_HAL_Driver/Src/stm32f0xx_hal_uart.o
 .debug_frame   0x0000000000001690      0x158 ./Drivers/STM32F0xx_HAL_Driver/Src/stm32f0xx_hal_uart_ex.o
 .debug_frame   0x00000000000017e8       0x20 d:/program files/stm32cubeide_1.10.1/stm32cubeide/plugins/com.st.stm32cube.ide.mcu.externaltools.gnu-tools-for-stm32.10.3-2021.10.win32_1.0.0.202111181127/tools/bin/../lib/gcc/arm-none-eabi/10.3.1/../../../../arm-none-eabi/lib/thumb/v6-m/nofp\libc_nano.a(lib_a-errno.o)
 .debug_frame   0x0000000000001808       0x2c d:/program files/stm32cubeide_1.10.1/stm32cubeide/plugins/com.st.stm32cube.ide.mcu.externaltools.gnu-tools-for-stm32.10.3-2021.10.win32_1.0.0.202111181127/tools/bin/../lib/gcc/arm-none-eabi/10.3.1/../../../../arm-none-eabi/lib/thumb/v6-m/nofp\libc_nano.a(lib_a-init.o)
 .debug_frame   0x0000000000001834       0x28 d:/program files/stm32cubeide_1.10.1/stm32cubeide/plugins/com.st.stm32cube.ide.mcu.externaltools.gnu-tools-for-stm32.10.3-2021.10.win32_1.0.0.202111181127/tools/bin/../lib/gcc/arm-none-eabi/10.3.1/../../../../arm-none-eabi/lib/thumb/v6-m/nofp\libc_nano.a(lib_a-memcpy-stub.o)
 .debug_frame   0x000000000000185c       0x28 d:/program files/stm32cubeide_1.10.1/stm32cubeide/plugins/com.st.stm32cube.ide.mcu.externaltools.gnu-tools-for-stm32.10.3-2021.10.win32_1.0.0.202111181127/tools/bin/../lib/gcc/arm-none-eabi/10.3.1/../../../../arm-none-eabi/lib/thumb/v6-m/nofp\libc_nano.a(lib_a-memmove.o)
 .debug_frame   0x0000000000001884       0x20 d:/program files/stm32cubeide_1.10.1/stm32cubeide/plugins/com.st.stm32cube.ide.mcu.externaltools.gnu-tools-for-stm32.10.3-2021.10.win32_1.0.0.202111181127/tools/bin/../lib/gcc/arm-none-eabi/10.3.1/../../../../arm-none-eabi/lib/thumb/v6-m/nofp\libc_nano.a(lib_a-memset.o)
 .debug_frame   0x00000000000018a4       0x48 d:/program files/stm32cubeide_1.10.1/stm32cubeide/plugins/com.st.stm32cube.ide.mcu.externaltools.gnu-tools-for-stm32.10.3-2021.10.win32_1.0.0.202111181127/tools/bin/../lib/gcc/arm-none-eabi/10.3.1/../../../../arm-none-eabi/lib/thumb/v6-m/nofp\libc_nano.a(lib_a-sprintf.o)
 .debug_frame   0x00000000000018ec       0x74 d:/program files/stm32cubeide_1.10.1/stm32cubeide/plugins/com.st.stm32cube.ide.mcu.externaltools.gnu-tools-for-stm32.10.3-2021.10.win32_1.0.0.202111181127/tools/bin/../lib/gcc/arm-none-eabi/10.3.1/../../../../arm-none-eabi/lib/thumb/v6-m/nofp\libc_nano.a(lib_a-nano-svfprintf.o)
 .debug_frame   0x0000000000001960       0x54 d:/program files/stm32cubeide_1.10.1/stm32cubeide/plugins/com.st.stm32cube.ide.mcu.externaltools.gnu-tools-for-stm32.10.3-2021.10.win32_1.0.0.202111181127/tools/bin/../lib/gcc/arm-none-eabi/10.3.1/../../../../arm-none-eabi/lib/thumb/v6-m/nofp\libc_nano.a(lib_a-nano-vfprintf_i.o)
 .debug_frame   0x00000000000019b4       0x20 d:/program files/stm32cubeide_1.10.1/stm32cubeide/plugins/com.st.stm32cube.ide.mcu.externaltools.gnu-tools-for-stm32.10.3-2021.10.win32_1.0.0.202111181127/tools/bin/../lib/gcc/arm-none-eabi/10.3.1/../../../../arm-none-eabi/lib/thumb/v6-m/nofp\libc_nano.a(lib_a-memchr-stub.o)
 .debug_frame   0x00000000000019d4       0x2c d:/program files/stm32cubeide_1.10.1/stm32cubeide/plugins/com.st.stm32cube.ide.mcu.externaltools.gnu-tools-for-stm32.10.3-2021.10.win32_1.0.0.202111181127/tools/bin/../lib/gcc/arm-none-eabi/10.3.1/../../../../arm-none-eabi/lib/thumb/v6-m/nofp\libc_nano.a(lib_a-nano-freer.o)
 .debug_frame   0x0000000000001a00       0x50 d:/program files/stm32cubeide_1.10.1/stm32cubeide/plugins/com.st.stm32cube.ide.mcu.externaltools.gnu-tools-for-stm32.10.3-2021.10.win32_1.0.0.202111181127/tools/bin/../lib/gcc/arm-none-eabi/10.3.1/../../../../arm-none-eabi/lib/thumb/v6-m/nofp\libc_nano.a(lib_a-nano-mallocr.o)
 .debug_frame   0x0000000000001a50       0x34 d:/program files/stm32cubeide_1.10.1/stm32cubeide/plugins/com.st.stm32cube.ide.mcu.externaltools.gnu-tools-for-stm32.10.3-2021.10.win32_1.0.0.202111181127/tools/bin/../lib/gcc/arm-none-eabi/10.3.1/../../../../arm-none-eabi/lib/thumb/v6-m/nofp\libc_nano.a(lib_a-nano-reallocr.o)
 .debug_frame   0x0000000000001a84       0x2c d:/program files/stm32cubeide_1.10.1/stm32cubeide/plugins/com.st.stm32cube.ide.mcu.externaltools.gnu-tools-for-stm32.10.3-2021.10.win32_1.0.0.202111181127/tools/bin/../lib/gcc/arm-none-eabi/10.3.1/../../../../arm-none-eabi/lib/thumb/v6-m/nofp\libc_nano.a(lib_a-sbrkr.o)
 .debug_frame   0x0000000000001ab0       0x40 d:/program files/stm32cubeide_1.10.1/stm32cubeide/plugins/com.st.stm32cube.ide.mcu.externaltools.gnu-tools-for-stm32.10.3-2021.10.win32_1.0.0.202111181127/tools/bin/../lib/gcc/arm-none-eabi/10.3.1/../../../../arm-none-eabi/lib/thumb/v6-m/nofp\libc_nano.a(lib_a-mlock.o)
 .debug_frame   0x0000000000001af0       0x20 d:/program files/stm32cubeide_1.10.1/stm32cubeide/plugins/com.st.stm32cube.ide.mcu.externaltools.gnu-tools-for-stm32.10.3-2021.10.win32_1.0.0.202111181127/tools/bin/../lib/gcc/arm-none-eabi/10.3.1/../../../../arm-none-eabi/lib/thumb/v6-m/nofp\libc_nano.a(lib_a-nano-msizer.o)
 .debug_frame   0x0000000000001b10       0x48 d:/program files/stm32cubeide_1.10.1/stm32cubeide/plugins/com.st.stm32cube.ide.mcu.externaltools.gnu-tools-for-stm32.10.3-2021.10.win32_1.0.0.202111181127/tools/bin/../lib/gcc/arm-none-eabi/10.3.1/../../../../arm-none-eabi/lib/thumb/v6-m/nofp\libc_nano.a(lib_a-reent.o)
 .debug_frame   0x0000000000001b58       0xb0 d:/program files/stm32cubeide_1.10.1/stm32cubeide/plugins/com.st.stm32cube.ide.mcu.externaltools.gnu-tools-for-stm32.10.3-2021.10.win32_1.0.0.202111181127/tools/bin/../lib/gcc/arm-none-eabi/10.3.1/../../../../arm-none-eabi/lib/thumb/v6-m/nofp\libc_nano.a(lib_a-lock.o)
 .debug_frame   0x0000000000001c08       0x20 d:/program files/stm32cubeide_1.10.1/stm32cubeide/plugins/com.st.stm32cube.ide.mcu.externaltools.gnu-tools-for-stm32.10.3-2021.10.win32_1.0.0.202111181127/tools/bin/../lib/gcc/arm-none-eabi/10.3.1/thumb/v6-m/nofp\libgcc.a(_udivsi3.o)
